(base) xushu@LAPTOP-SURUK0O4:~/soft/libmesh-1.7.0/build-dtk$ make
Making all in include
make[1]: Entering directory '/home/xushu/soft/libmesh-1.7.0/build-dtk/include'
make  all-recursive
make[2]: Entering directory '/home/xushu/soft/libmesh-1.7.0/build-dtk/include'
Making all in libmesh
make[3]: Entering directory '/home/xushu/soft/libmesh-1.7.0/build-dtk/include/libmesh'
make  all-am
make[4]: Entering directory '/home/xushu/soft/libmesh-1.7.0/build-dtk/include/libmesh'
make[4]: Nothing to be done for 'all-am'.
make[4]: Leaving directory '/home/xushu/soft/libmesh-1.7.0/build-dtk/include/libmesh'
make[3]: Leaving directory '/home/xushu/soft/libmesh-1.7.0/build-dtk/include/libmesh'
make[3]: Entering directory '/home/xushu/soft/libmesh-1.7.0/build-dtk/include'
make[3]: Nothing to be done for 'all-am'.
make[3]: Leaving directory '/home/xushu/soft/libmesh-1.7.0/build-dtk/include'
make[2]: Leaving directory '/home/xushu/soft/libmesh-1.7.0/build-dtk/include'
make[1]: Leaving directory '/home/xushu/soft/libmesh-1.7.0/build-dtk/include'
Making all in contrib
make[1]: Entering directory '/home/xushu/soft/libmesh-1.7.0/build-dtk/contrib'
Making all in boost/include
make[2]: Entering directory '/home/xushu/soft/libmesh-1.7.0/build-dtk/contrib/boost/include'
make[2]: Nothing to be done for 'all'.
make[2]: Leaving directory '/home/xushu/soft/libmesh-1.7.0/build-dtk/contrib/boost/include'
Making all in eigen/eigen
make[2]: Entering directory '/home/xushu/soft/libmesh-1.7.0/build-dtk/contrib/eigen/eigen'
make[2]: Nothing to be done for 'all'.
make[2]: Leaving directory '/home/xushu/soft/libmesh-1.7.0/build-dtk/contrib/eigen/eigen'
Making all in gmv
make[2]: Entering directory '/home/xushu/soft/libmesh-1.7.0/build-dtk/contrib/gmv'
make[2]: Nothing to be done for 'all'.
make[2]: Leaving directory '/home/xushu/soft/libmesh-1.7.0/build-dtk/contrib/gmv'
Making all in gzstream
make[2]: Entering directory '/home/xushu/soft/libmesh-1.7.0/build-dtk/contrib/gzstream'
make[2]: Nothing to be done for 'all'.
make[2]: Leaving directory '/home/xushu/soft/libmesh-1.7.0/build-dtk/contrib/gzstream'
Making all in netcdf/v4
make[2]: Entering directory '/home/xushu/soft/libmesh-1.7.0/build-dtk/contrib/netcdf/v4'
make  all-recursive
make[3]: Entering directory '/home/xushu/soft/libmesh-1.7.0/build-dtk/contrib/netcdf/v4'
Making all in include
make[4]: Entering directory '/home/xushu/soft/libmesh-1.7.0/build-dtk/contrib/netcdf/v4/include'
make[4]: Nothing to be done for 'all'.
make[4]: Leaving directory '/home/xushu/soft/libmesh-1.7.0/build-dtk/contrib/netcdf/v4/include'
Making all in libdispatch
make[4]: Entering directory '/home/xushu/soft/libmesh-1.7.0/build-dtk/contrib/netcdf/v4/libdispatch'
make[4]: Nothing to be done for 'all'.
make[4]: Leaving directory '/home/xushu/soft/libmesh-1.7.0/build-dtk/contrib/netcdf/v4/libdispatch'
Making all in libsrc
make[4]: Entering directory '/home/xushu/soft/libmesh-1.7.0/build-dtk/contrib/netcdf/v4/libsrc'
make[4]: Nothing to be done for 'all'.
make[4]: Leaving directory '/home/xushu/soft/libmesh-1.7.0/build-dtk/contrib/netcdf/v4/libsrc'
Making all in liblib
make[4]: Entering directory '/home/xushu/soft/libmesh-1.7.0/build-dtk/contrib/netcdf/v4/liblib'
make[4]: Nothing to be done for 'all'.
make[4]: Leaving directory '/home/xushu/soft/libmesh-1.7.0/build-dtk/contrib/netcdf/v4/liblib'
Making all in ncgen3
make[4]: Entering directory '/home/xushu/soft/libmesh-1.7.0/build-dtk/contrib/netcdf/v4/ncgen3'
make[4]: Nothing to be done for 'all'.
make[4]: Leaving directory '/home/xushu/soft/libmesh-1.7.0/build-dtk/contrib/netcdf/v4/ncgen3'
Making all in ncgen
make[4]: Entering directory '/home/xushu/soft/libmesh-1.7.0/build-dtk/contrib/netcdf/v4/ncgen'
make[4]: Nothing to be done for 'all'.
make[4]: Leaving directory '/home/xushu/soft/libmesh-1.7.0/build-dtk/contrib/netcdf/v4/ncgen'
Making all in ncdump
make[4]: Entering directory '/home/xushu/soft/libmesh-1.7.0/build-dtk/contrib/netcdf/v4/ncdump'
Making all in cdl
make[5]: Entering directory '/home/xushu/soft/libmesh-1.7.0/build-dtk/contrib/netcdf/v4/ncdump/cdl'
make[5]: Nothing to be done for 'all'.
make[5]: Leaving directory '/home/xushu/soft/libmesh-1.7.0/build-dtk/contrib/netcdf/v4/ncdump/cdl'
Making all in expected
make[5]: Entering directory '/home/xushu/soft/libmesh-1.7.0/build-dtk/contrib/netcdf/v4/ncdump/expected'
make[5]: Nothing to be done for 'all'.
make[5]: Leaving directory '/home/xushu/soft/libmesh-1.7.0/build-dtk/contrib/netcdf/v4/ncdump/expected'
make[5]: Entering directory '/home/xushu/soft/libmesh-1.7.0/build-dtk/contrib/netcdf/v4/ncdump'
make[5]: Nothing to be done for 'all-am'.
make[5]: Leaving directory '/home/xushu/soft/libmesh-1.7.0/build-dtk/contrib/netcdf/v4/ncdump'
make[4]: Leaving directory '/home/xushu/soft/libmesh-1.7.0/build-dtk/contrib/netcdf/v4/ncdump'
Making all in docs
make[4]: Entering directory '/home/xushu/soft/libmesh-1.7.0/build-dtk/contrib/netcdf/v4/docs'
Making all in images
make[5]: Entering directory '/home/xushu/soft/libmesh-1.7.0/build-dtk/contrib/netcdf/v4/docs/images'
make[5]: Nothing to be done for 'all'.
make[5]: Leaving directory '/home/xushu/soft/libmesh-1.7.0/build-dtk/contrib/netcdf/v4/docs/images'
make[5]: Entering directory '/home/xushu/soft/libmesh-1.7.0/build-dtk/contrib/netcdf/v4/docs'
make[5]: Nothing to be done for 'all-am'.
make[5]: Leaving directory '/home/xushu/soft/libmesh-1.7.0/build-dtk/contrib/netcdf/v4/docs'
make[4]: Leaving directory '/home/xushu/soft/libmesh-1.7.0/build-dtk/contrib/netcdf/v4/docs'
Making all in examples
make[4]: Entering directory '/home/xushu/soft/libmesh-1.7.0/build-dtk/contrib/netcdf/v4/examples'
Making all in C
make[5]: Entering directory '/home/xushu/soft/libmesh-1.7.0/build-dtk/contrib/netcdf/v4/examples/C'
make[5]: Nothing to be done for 'all'.
make[5]: Leaving directory '/home/xushu/soft/libmesh-1.7.0/build-dtk/contrib/netcdf/v4/examples/C'
Making all in CDL
make[5]: Entering directory '/home/xushu/soft/libmesh-1.7.0/build-dtk/contrib/netcdf/v4/examples/CDL'
make[5]: Nothing to be done for 'all'.
make[5]: Leaving directory '/home/xushu/soft/libmesh-1.7.0/build-dtk/contrib/netcdf/v4/examples/CDL'
make[5]: Entering directory '/home/xushu/soft/libmesh-1.7.0/build-dtk/contrib/netcdf/v4/examples'
make[5]: Nothing to be done for 'all-am'.
make[5]: Leaving directory '/home/xushu/soft/libmesh-1.7.0/build-dtk/contrib/netcdf/v4/examples'
make[4]: Leaving directory '/home/xushu/soft/libmesh-1.7.0/build-dtk/contrib/netcdf/v4/examples'
make[4]: Entering directory '/home/xushu/soft/libmesh-1.7.0/build-dtk/contrib/netcdf/v4'
make[4]: Leaving directory '/home/xushu/soft/libmesh-1.7.0/build-dtk/contrib/netcdf/v4'
make[3]: Leaving directory '/home/xushu/soft/libmesh-1.7.0/build-dtk/contrib/netcdf/v4'
make[2]: Leaving directory '/home/xushu/soft/libmesh-1.7.0/build-dtk/contrib/netcdf/v4'
Making all in exodusii/v5.22/exodus
make[2]: Entering directory '/home/xushu/soft/libmesh-1.7.0/build-dtk/contrib/exodusii/v5.22/exodus'
make[2]: Nothing to be done for 'all'.
make[2]: Leaving directory '/home/xushu/soft/libmesh-1.7.0/build-dtk/contrib/exodusii/v5.22/exodus'
Making all in nemesis/v5.22/nemesis
make[2]: Entering directory '/home/xushu/soft/libmesh-1.7.0/build-dtk/contrib/nemesis/v5.22/nemesis'
make[2]: Nothing to be done for 'all'.
make[2]: Leaving directory '/home/xushu/soft/libmesh-1.7.0/build-dtk/contrib/nemesis/v5.22/nemesis'
Making all in qhull/qhull
make[2]: Entering directory '/home/xushu/soft/libmesh-1.7.0/build-dtk/contrib/qhull/qhull'
make[2]: Nothing to be done for 'all'.
make[2]: Leaving directory '/home/xushu/soft/libmesh-1.7.0/build-dtk/contrib/qhull/qhull'
Making all in libHilbert
make[2]: Entering directory '/home/xushu/soft/libmesh-1.7.0/build-dtk/contrib/libHilbert'
make[2]: Nothing to be done for 'all'.
make[2]: Leaving directory '/home/xushu/soft/libmesh-1.7.0/build-dtk/contrib/libHilbert'
Making all in metis
make[2]: Entering directory '/home/xushu/soft/libmesh-1.7.0/build-dtk/contrib/metis'
make[2]: Nothing to be done for 'all'.
make[2]: Leaving directory '/home/xushu/soft/libmesh-1.7.0/build-dtk/contrib/metis'
Making all in parmetis
make[2]: Entering directory '/home/xushu/soft/libmesh-1.7.0/build-dtk/contrib/parmetis'
make[2]: Nothing to be done for 'all'.
make[2]: Leaving directory '/home/xushu/soft/libmesh-1.7.0/build-dtk/contrib/parmetis'
Making all in fparser
make[2]: Entering directory '/home/xushu/soft/libmesh-1.7.0/build-dtk/contrib/fparser'
make  all-recursive
make[3]: Entering directory '/home/xushu/soft/libmesh-1.7.0/build-dtk/contrib/fparser'
Making all in extrasrc
make[4]: Entering directory '/home/xushu/soft/libmesh-1.7.0/build-dtk/contrib/fparser/extrasrc'
make  all-am
make[5]: Entering directory '/home/xushu/soft/libmesh-1.7.0/build-dtk/contrib/fparser/extrasrc'
make[5]: Nothing to be done for 'all-am'.
make[5]: Leaving directory '/home/xushu/soft/libmesh-1.7.0/build-dtk/contrib/fparser/extrasrc'
make[4]: Leaving directory '/home/xushu/soft/libmesh-1.7.0/build-dtk/contrib/fparser/extrasrc'
make[4]: Entering directory '/home/xushu/soft/libmesh-1.7.0/build-dtk/contrib/fparser'
make[4]: Nothing to be done for 'all-am'.
make[4]: Leaving directory '/home/xushu/soft/libmesh-1.7.0/build-dtk/contrib/fparser'
make[3]: Leaving directory '/home/xushu/soft/libmesh-1.7.0/build-dtk/contrib/fparser'
make[2]: Leaving directory '/home/xushu/soft/libmesh-1.7.0/build-dtk/contrib/fparser'
Making all in nanoflann
make[2]: Entering directory '/home/xushu/soft/libmesh-1.7.0/build-dtk/contrib/nanoflann'
make[2]: Nothing to be done for 'all'.
make[2]: Leaving directory '/home/xushu/soft/libmesh-1.7.0/build-dtk/contrib/nanoflann'
Making all in metaphysicl
make[2]: Entering directory '/home/xushu/soft/libmesh-1.7.0/build-dtk/contrib/metaphysicl'
Making all in src
make[3]: Entering directory '/home/xushu/soft/libmesh-1.7.0/build-dtk/contrib/metaphysicl/src'
make  all-am
make[4]: Entering directory '/home/xushu/soft/libmesh-1.7.0/build-dtk/contrib/metaphysicl/src'
make[4]: Nothing to be done for 'all-am'.
make[4]: Leaving directory '/home/xushu/soft/libmesh-1.7.0/build-dtk/contrib/metaphysicl/src'
make[3]: Leaving directory '/home/xushu/soft/libmesh-1.7.0/build-dtk/contrib/metaphysicl/src'
Making all in test
make[3]: Entering directory '/home/xushu/soft/libmesh-1.7.0/build-dtk/contrib/metaphysicl/test'
make  all-am
make[4]: Entering directory '/home/xushu/soft/libmesh-1.7.0/build-dtk/contrib/metaphysicl/test'
make[4]: Nothing to be done for 'all-am'.
make[4]: Leaving directory '/home/xushu/soft/libmesh-1.7.0/build-dtk/contrib/metaphysicl/test'
make[3]: Leaving directory '/home/xushu/soft/libmesh-1.7.0/build-dtk/contrib/metaphysicl/test'
Making all in doxygen
make[3]: Entering directory '/home/xushu/soft/libmesh-1.7.0/build-dtk/contrib/metaphysicl/doxygen'
make[3]: Nothing to be done for 'all'.
make[3]: Leaving directory '/home/xushu/soft/libmesh-1.7.0/build-dtk/contrib/metaphysicl/doxygen'
make[3]: Entering directory '/home/xushu/soft/libmesh-1.7.0/build-dtk/contrib/metaphysicl'
make[3]: Nothing to be done for 'all-am'.
make[3]: Leaving directory '/home/xushu/soft/libmesh-1.7.0/build-dtk/contrib/metaphysicl'
make[2]: Leaving directory '/home/xushu/soft/libmesh-1.7.0/build-dtk/contrib/metaphysicl'
Making all in timpi
make[2]: Entering directory '/home/xushu/soft/libmesh-1.7.0/build-dtk/contrib/timpi'
Making all in src
make[3]: Entering directory '/home/xushu/soft/libmesh-1.7.0/build-dtk/contrib/timpi/src'
make[3]: Nothing to be done for 'all'.
make[3]: Leaving directory '/home/xushu/soft/libmesh-1.7.0/build-dtk/contrib/timpi/src'
Making all in test
make[3]: Entering directory '/home/xushu/soft/libmesh-1.7.0/build-dtk/contrib/timpi/test'
make[3]: Nothing to be done for 'all'.
make[3]: Leaving directory '/home/xushu/soft/libmesh-1.7.0/build-dtk/contrib/timpi/test'
make[3]: Entering directory '/home/xushu/soft/libmesh-1.7.0/build-dtk/contrib/timpi'
make[3]: Nothing to be done for 'all-am'.
make[3]: Leaving directory '/home/xushu/soft/libmesh-1.7.0/build-dtk/contrib/timpi'
make[2]: Leaving directory '/home/xushu/soft/libmesh-1.7.0/build-dtk/contrib/timpi'
make[2]: Entering directory '/home/xushu/soft/libmesh-1.7.0/build-dtk/contrib'
make[2]: Nothing to be done for 'all-am'.
make[2]: Leaving directory '/home/xushu/soft/libmesh-1.7.0/build-dtk/contrib'
make[1]: Leaving directory '/home/xushu/soft/libmesh-1.7.0/build-dtk/contrib'
Making all in examples
make[1]: Entering directory '/home/xushu/soft/libmesh-1.7.0/build-dtk/examples'
Making all in introduction/introduction_ex1
make[2]: Entering directory '/home/xushu/soft/libmesh-1.7.0/build-dtk/examples/introduction/introduction_ex1'
make[2]: Nothing to be done for 'all'.
make[2]: Leaving directory '/home/xushu/soft/libmesh-1.7.0/build-dtk/examples/introduction/introduction_ex1'
Making all in introduction/introduction_ex2
make[2]: Entering directory '/home/xushu/soft/libmesh-1.7.0/build-dtk/examples/introduction/introduction_ex2'
make[2]: Nothing to be done for 'all'.
make[2]: Leaving directory '/home/xushu/soft/libmesh-1.7.0/build-dtk/examples/introduction/introduction_ex2'
Making all in introduction/introduction_ex3
make[2]: Entering directory '/home/xushu/soft/libmesh-1.7.0/build-dtk/examples/introduction/introduction_ex3'
make[2]: Nothing to be done for 'all'.
make[2]: Leaving directory '/home/xushu/soft/libmesh-1.7.0/build-dtk/examples/introduction/introduction_ex3'
Making all in introduction/introduction_ex4
make[2]: Entering directory '/home/xushu/soft/libmesh-1.7.0/build-dtk/examples/introduction/introduction_ex4'
make  all-am
make[3]: Entering directory '/home/xushu/soft/libmesh-1.7.0/build-dtk/examples/introduction/introduction_ex4'
make[3]: Nothing to be done for 'all-am'.
make[3]: Leaving directory '/home/xushu/soft/libmesh-1.7.0/build-dtk/examples/introduction/introduction_ex4'
make[2]: Leaving directory '/home/xushu/soft/libmesh-1.7.0/build-dtk/examples/introduction/introduction_ex4'
Making all in introduction/introduction_ex5
make[2]: Entering directory '/home/xushu/soft/libmesh-1.7.0/build-dtk/examples/introduction/introduction_ex5'
make  all-am
make[3]: Entering directory '/home/xushu/soft/libmesh-1.7.0/build-dtk/examples/introduction/introduction_ex5'
make[3]: Nothing to be done for 'all-am'.
make[3]: Leaving directory '/home/xushu/soft/libmesh-1.7.0/build-dtk/examples/introduction/introduction_ex5'
make[2]: Leaving directory '/home/xushu/soft/libmesh-1.7.0/build-dtk/examples/introduction/introduction_ex5'
Making all in adaptivity/adaptivity_ex1
make[2]: Entering directory '/home/xushu/soft/libmesh-1.7.0/build-dtk/examples/adaptivity/adaptivity_ex1'
make[2]: Nothing to be done for 'all'.
make[2]: Leaving directory '/home/xushu/soft/libmesh-1.7.0/build-dtk/examples/adaptivity/adaptivity_ex1'
Making all in adaptivity/adaptivity_ex2
make[2]: Entering directory '/home/xushu/soft/libmesh-1.7.0/build-dtk/examples/adaptivity/adaptivity_ex2'
make  all-am
make[3]: Entering directory '/home/xushu/soft/libmesh-1.7.0/build-dtk/examples/adaptivity/adaptivity_ex2'
make[3]: Nothing to be done for 'all-am'.
make[3]: Leaving directory '/home/xushu/soft/libmesh-1.7.0/build-dtk/examples/adaptivity/adaptivity_ex2'
make[2]: Leaving directory '/home/xushu/soft/libmesh-1.7.0/build-dtk/examples/adaptivity/adaptivity_ex2'
Making all in adaptivity/adaptivity_ex3
make[2]: Entering directory '/home/xushu/soft/libmesh-1.7.0/build-dtk/examples/adaptivity/adaptivity_ex3'
make  all-am
make[3]: Entering directory '/home/xushu/soft/libmesh-1.7.0/build-dtk/examples/adaptivity/adaptivity_ex3'
make[3]: Nothing to be done for 'all-am'.
make[3]: Leaving directory '/home/xushu/soft/libmesh-1.7.0/build-dtk/examples/adaptivity/adaptivity_ex3'
make[2]: Leaving directory '/home/xushu/soft/libmesh-1.7.0/build-dtk/examples/adaptivity/adaptivity_ex3'
Making all in adaptivity/adaptivity_ex4
make[2]: Entering directory '/home/xushu/soft/libmesh-1.7.0/build-dtk/examples/adaptivity/adaptivity_ex4'
make  all-am
make[3]: Entering directory '/home/xushu/soft/libmesh-1.7.0/build-dtk/examples/adaptivity/adaptivity_ex4'
make[3]: Nothing to be done for 'all-am'.
make[3]: Leaving directory '/home/xushu/soft/libmesh-1.7.0/build-dtk/examples/adaptivity/adaptivity_ex4'
make[2]: Leaving directory '/home/xushu/soft/libmesh-1.7.0/build-dtk/examples/adaptivity/adaptivity_ex4'
Making all in adaptivity/adaptivity_ex5
make[2]: Entering directory '/home/xushu/soft/libmesh-1.7.0/build-dtk/examples/adaptivity/adaptivity_ex5'
make  all-am
make[3]: Entering directory '/home/xushu/soft/libmesh-1.7.0/build-dtk/examples/adaptivity/adaptivity_ex5'
make[3]: Nothing to be done for 'all-am'.
make[3]: Leaving directory '/home/xushu/soft/libmesh-1.7.0/build-dtk/examples/adaptivity/adaptivity_ex5'
make[2]: Leaving directory '/home/xushu/soft/libmesh-1.7.0/build-dtk/examples/adaptivity/adaptivity_ex5'
Making all in adjoints/adjoints_ex1
make[2]: Entering directory '/home/xushu/soft/libmesh-1.7.0/build-dtk/examples/adjoints/adjoints_ex1'
make  all-am
make[3]: Entering directory '/home/xushu/soft/libmesh-1.7.0/build-dtk/examples/adjoints/adjoints_ex1'
make[3]: Nothing to be done for 'all-am'.
make[3]: Leaving directory '/home/xushu/soft/libmesh-1.7.0/build-dtk/examples/adjoints/adjoints_ex1'
make[2]: Leaving directory '/home/xushu/soft/libmesh-1.7.0/build-dtk/examples/adjoints/adjoints_ex1'
Making all in adjoints/adjoints_ex2
make[2]: Entering directory '/home/xushu/soft/libmesh-1.7.0/build-dtk/examples/adjoints/adjoints_ex2'
make  all-am
make[3]: Entering directory '/home/xushu/soft/libmesh-1.7.0/build-dtk/examples/adjoints/adjoints_ex2'
make[3]: Nothing to be done for 'all-am'.
make[3]: Leaving directory '/home/xushu/soft/libmesh-1.7.0/build-dtk/examples/adjoints/adjoints_ex2'
make[2]: Leaving directory '/home/xushu/soft/libmesh-1.7.0/build-dtk/examples/adjoints/adjoints_ex2'
Making all in adjoints/adjoints_ex3
make[2]: Entering directory '/home/xushu/soft/libmesh-1.7.0/build-dtk/examples/adjoints/adjoints_ex3'
make  all-am
make[3]: Entering directory '/home/xushu/soft/libmesh-1.7.0/build-dtk/examples/adjoints/adjoints_ex3'
make[3]: Nothing to be done for 'all-am'.
make[3]: Leaving directory '/home/xushu/soft/libmesh-1.7.0/build-dtk/examples/adjoints/adjoints_ex3'
make[2]: Leaving directory '/home/xushu/soft/libmesh-1.7.0/build-dtk/examples/adjoints/adjoints_ex3'
Making all in adjoints/adjoints_ex4
make[2]: Entering directory '/home/xushu/soft/libmesh-1.7.0/build-dtk/examples/adjoints/adjoints_ex4'
make  all-am
make[3]: Entering directory '/home/xushu/soft/libmesh-1.7.0/build-dtk/examples/adjoints/adjoints_ex4'
make[3]: Nothing to be done for 'all-am'.
make[3]: Leaving directory '/home/xushu/soft/libmesh-1.7.0/build-dtk/examples/adjoints/adjoints_ex4'
make[2]: Leaving directory '/home/xushu/soft/libmesh-1.7.0/build-dtk/examples/adjoints/adjoints_ex4'
Making all in adjoints/adjoints_ex5
make[2]: Entering directory '/home/xushu/soft/libmesh-1.7.0/build-dtk/examples/adjoints/adjoints_ex5'
make  all-am
make[3]: Entering directory '/home/xushu/soft/libmesh-1.7.0/build-dtk/examples/adjoints/adjoints_ex5'
make[3]: Nothing to be done for 'all-am'.
make[3]: Leaving directory '/home/xushu/soft/libmesh-1.7.0/build-dtk/examples/adjoints/adjoints_ex5'
make[2]: Leaving directory '/home/xushu/soft/libmesh-1.7.0/build-dtk/examples/adjoints/adjoints_ex5'
Making all in adjoints/adjoints_ex6
make[2]: Entering directory '/home/xushu/soft/libmesh-1.7.0/build-dtk/examples/adjoints/adjoints_ex6'
make  all-am
make[3]: Entering directory '/home/xushu/soft/libmesh-1.7.0/build-dtk/examples/adjoints/adjoints_ex6'
make[3]: Nothing to be done for 'all-am'.
make[3]: Leaving directory '/home/xushu/soft/libmesh-1.7.0/build-dtk/examples/adjoints/adjoints_ex6'
make[2]: Leaving directory '/home/xushu/soft/libmesh-1.7.0/build-dtk/examples/adjoints/adjoints_ex6'
Making all in adjoints/adjoints_ex7
make[2]: Entering directory '/home/xushu/soft/libmesh-1.7.0/build-dtk/examples/adjoints/adjoints_ex7'
make  all-am
make[3]: Entering directory '/home/xushu/soft/libmesh-1.7.0/build-dtk/examples/adjoints/adjoints_ex7'
make[3]: Nothing to be done for 'all-am'.
make[3]: Leaving directory '/home/xushu/soft/libmesh-1.7.0/build-dtk/examples/adjoints/adjoints_ex7'
make[2]: Leaving directory '/home/xushu/soft/libmesh-1.7.0/build-dtk/examples/adjoints/adjoints_ex7'
Making all in eigenproblems/eigenproblems_ex1
make[2]: Entering directory '/home/xushu/soft/libmesh-1.7.0/build-dtk/examples/eigenproblems/eigenproblems_ex1'
make[2]: Nothing to be done for 'all'.
make[2]: Leaving directory '/home/xushu/soft/libmesh-1.7.0/build-dtk/examples/eigenproblems/eigenproblems_ex1'
Making all in eigenproblems/eigenproblems_ex2
make[2]: Entering directory '/home/xushu/soft/libmesh-1.7.0/build-dtk/examples/eigenproblems/eigenproblems_ex2'
make[2]: Nothing to be done for 'all'.
make[2]: Leaving directory '/home/xushu/soft/libmesh-1.7.0/build-dtk/examples/eigenproblems/eigenproblems_ex2'
Making all in eigenproblems/eigenproblems_ex3
make[2]: Entering directory '/home/xushu/soft/libmesh-1.7.0/build-dtk/examples/eigenproblems/eigenproblems_ex3'
make  all-am
make[3]: Entering directory '/home/xushu/soft/libmesh-1.7.0/build-dtk/examples/eigenproblems/eigenproblems_ex3'
make[3]: Nothing to be done for 'all-am'.
make[3]: Leaving directory '/home/xushu/soft/libmesh-1.7.0/build-dtk/examples/eigenproblems/eigenproblems_ex3'
make[2]: Leaving directory '/home/xushu/soft/libmesh-1.7.0/build-dtk/examples/eigenproblems/eigenproblems_ex3'
Making all in fem_system/fem_system_ex1
make[2]: Entering directory '/home/xushu/soft/libmesh-1.7.0/build-dtk/examples/fem_system/fem_system_ex1'
make  all-am
make[3]: Entering directory '/home/xushu/soft/libmesh-1.7.0/build-dtk/examples/fem_system/fem_system_ex1'
make[3]: Nothing to be done for 'all-am'.
make[3]: Leaving directory '/home/xushu/soft/libmesh-1.7.0/build-dtk/examples/fem_system/fem_system_ex1'
make[2]: Leaving directory '/home/xushu/soft/libmesh-1.7.0/build-dtk/examples/fem_system/fem_system_ex1'
Making all in fem_system/fem_system_ex2
make[2]: Entering directory '/home/xushu/soft/libmesh-1.7.0/build-dtk/examples/fem_system/fem_system_ex2'
make  all-am
make[3]: Entering directory '/home/xushu/soft/libmesh-1.7.0/build-dtk/examples/fem_system/fem_system_ex2'
make[3]: Nothing to be done for 'all-am'.
make[3]: Leaving directory '/home/xushu/soft/libmesh-1.7.0/build-dtk/examples/fem_system/fem_system_ex2'
make[2]: Leaving directory '/home/xushu/soft/libmesh-1.7.0/build-dtk/examples/fem_system/fem_system_ex2'
Making all in fem_system/fem_system_ex3
make[2]: Entering directory '/home/xushu/soft/libmesh-1.7.0/build-dtk/examples/fem_system/fem_system_ex3'
make  all-am
make[3]: Entering directory '/home/xushu/soft/libmesh-1.7.0/build-dtk/examples/fem_system/fem_system_ex3'
make[3]: Nothing to be done for 'all-am'.
make[3]: Leaving directory '/home/xushu/soft/libmesh-1.7.0/build-dtk/examples/fem_system/fem_system_ex3'
make[2]: Leaving directory '/home/xushu/soft/libmesh-1.7.0/build-dtk/examples/fem_system/fem_system_ex3'
Making all in fem_system/fem_system_ex4
make[2]: Entering directory '/home/xushu/soft/libmesh-1.7.0/build-dtk/examples/fem_system/fem_system_ex4'
make  all-am
make[3]: Entering directory '/home/xushu/soft/libmesh-1.7.0/build-dtk/examples/fem_system/fem_system_ex4'
make[3]: Nothing to be done for 'all-am'.
make[3]: Leaving directory '/home/xushu/soft/libmesh-1.7.0/build-dtk/examples/fem_system/fem_system_ex4'
make[2]: Leaving directory '/home/xushu/soft/libmesh-1.7.0/build-dtk/examples/fem_system/fem_system_ex4'
Making all in fem_system/fem_system_ex5
make[2]: Entering directory '/home/xushu/soft/libmesh-1.7.0/build-dtk/examples/fem_system/fem_system_ex5'
make  all-am
make[3]: Entering directory '/home/xushu/soft/libmesh-1.7.0/build-dtk/examples/fem_system/fem_system_ex5'
make[3]: Nothing to be done for 'all-am'.
make[3]: Leaving directory '/home/xushu/soft/libmesh-1.7.0/build-dtk/examples/fem_system/fem_system_ex5'
make[2]: Leaving directory '/home/xushu/soft/libmesh-1.7.0/build-dtk/examples/fem_system/fem_system_ex5'
Making all in solution_transfer/solution_transfer_ex1
make[2]: Entering directory '/home/xushu/soft/libmesh-1.7.0/build-dtk/examples/solution_transfer/solution_transfer_ex1'
make[2]: Nothing to be done for 'all'.
make[2]: Leaving directory '/home/xushu/soft/libmesh-1.7.0/build-dtk/examples/solution_transfer/solution_transfer_ex1'
Making all in miscellaneous/miscellaneous_ex1
make[2]: Entering directory '/home/xushu/soft/libmesh-1.7.0/build-dtk/examples/miscellaneous/miscellaneous_ex1'
make[2]: Nothing to be done for 'all'.
make[2]: Leaving directory '/home/xushu/soft/libmesh-1.7.0/build-dtk/examples/miscellaneous/miscellaneous_ex1'
Making all in miscellaneous/miscellaneous_ex2
make[2]: Entering directory '/home/xushu/soft/libmesh-1.7.0/build-dtk/examples/miscellaneous/miscellaneous_ex2'
make  all-am
make[3]: Entering directory '/home/xushu/soft/libmesh-1.7.0/build-dtk/examples/miscellaneous/miscellaneous_ex2'
make[3]: Nothing to be done for 'all-am'.
make[3]: Leaving directory '/home/xushu/soft/libmesh-1.7.0/build-dtk/examples/miscellaneous/miscellaneous_ex2'
make[2]: Leaving directory '/home/xushu/soft/libmesh-1.7.0/build-dtk/examples/miscellaneous/miscellaneous_ex2'
Making all in miscellaneous/miscellaneous_ex3
make[2]: Entering directory '/home/xushu/soft/libmesh-1.7.0/build-dtk/examples/miscellaneous/miscellaneous_ex3'
make  all-am
make[3]: Entering directory '/home/xushu/soft/libmesh-1.7.0/build-dtk/examples/miscellaneous/miscellaneous_ex3'
make[3]: Nothing to be done for 'all-am'.
make[3]: Leaving directory '/home/xushu/soft/libmesh-1.7.0/build-dtk/examples/miscellaneous/miscellaneous_ex3'
make[2]: Leaving directory '/home/xushu/soft/libmesh-1.7.0/build-dtk/examples/miscellaneous/miscellaneous_ex3'
Making all in miscellaneous/miscellaneous_ex4
make[2]: Entering directory '/home/xushu/soft/libmesh-1.7.0/build-dtk/examples/miscellaneous/miscellaneous_ex4'
make[2]: Nothing to be done for 'all'.
make[2]: Leaving directory '/home/xushu/soft/libmesh-1.7.0/build-dtk/examples/miscellaneous/miscellaneous_ex4'
Making all in miscellaneous/miscellaneous_ex5
make[2]: Entering directory '/home/xushu/soft/libmesh-1.7.0/build-dtk/examples/miscellaneous/miscellaneous_ex5'
make  all-am
make[3]: Entering directory '/home/xushu/soft/libmesh-1.7.0/build-dtk/examples/miscellaneous/miscellaneous_ex5'
make[3]: Nothing to be done for 'all-am'.
make[3]: Leaving directory '/home/xushu/soft/libmesh-1.7.0/build-dtk/examples/miscellaneous/miscellaneous_ex5'
make[2]: Leaving directory '/home/xushu/soft/libmesh-1.7.0/build-dtk/examples/miscellaneous/miscellaneous_ex5'
Making all in miscellaneous/miscellaneous_ex6
make[2]: Entering directory '/home/xushu/soft/libmesh-1.7.0/build-dtk/examples/miscellaneous/miscellaneous_ex6'
make[2]: Nothing to be done for 'all'.
make[2]: Leaving directory '/home/xushu/soft/libmesh-1.7.0/build-dtk/examples/miscellaneous/miscellaneous_ex6'
Making all in miscellaneous/miscellaneous_ex7
make[2]: Entering directory '/home/xushu/soft/libmesh-1.7.0/build-dtk/examples/miscellaneous/miscellaneous_ex7'
make[2]: Nothing to be done for 'all'.
make[2]: Leaving directory '/home/xushu/soft/libmesh-1.7.0/build-dtk/examples/miscellaneous/miscellaneous_ex7'
Making all in miscellaneous/miscellaneous_ex8
make[2]: Entering directory '/home/xushu/soft/libmesh-1.7.0/build-dtk/examples/miscellaneous/miscellaneous_ex8'
make  all-am
make[3]: Entering directory '/home/xushu/soft/libmesh-1.7.0/build-dtk/examples/miscellaneous/miscellaneous_ex8'
make[3]: Nothing to be done for 'all-am'.
make[3]: Leaving directory '/home/xushu/soft/libmesh-1.7.0/build-dtk/examples/miscellaneous/miscellaneous_ex8'
make[2]: Leaving directory '/home/xushu/soft/libmesh-1.7.0/build-dtk/examples/miscellaneous/miscellaneous_ex8'
Making all in miscellaneous/miscellaneous_ex9
make[2]: Entering directory '/home/xushu/soft/libmesh-1.7.0/build-dtk/examples/miscellaneous/miscellaneous_ex9'
make  all-am
make[3]: Entering directory '/home/xushu/soft/libmesh-1.7.0/build-dtk/examples/miscellaneous/miscellaneous_ex9'
make[3]: Nothing to be done for 'all-am'.
make[3]: Leaving directory '/home/xushu/soft/libmesh-1.7.0/build-dtk/examples/miscellaneous/miscellaneous_ex9'
make[2]: Leaving directory '/home/xushu/soft/libmesh-1.7.0/build-dtk/examples/miscellaneous/miscellaneous_ex9'
Making all in miscellaneous/miscellaneous_ex10
make[2]: Entering directory '/home/xushu/soft/libmesh-1.7.0/build-dtk/examples/miscellaneous/miscellaneous_ex10'
make[2]: Nothing to be done for 'all'.
make[2]: Leaving directory '/home/xushu/soft/libmesh-1.7.0/build-dtk/examples/miscellaneous/miscellaneous_ex10'
Making all in miscellaneous/miscellaneous_ex11
make[2]: Entering directory '/home/xushu/soft/libmesh-1.7.0/build-dtk/examples/miscellaneous/miscellaneous_ex11'
make  all-am
make[3]: Entering directory '/home/xushu/soft/libmesh-1.7.0/build-dtk/examples/miscellaneous/miscellaneous_ex11'
make[3]: Nothing to be done for 'all-am'.
make[3]: Leaving directory '/home/xushu/soft/libmesh-1.7.0/build-dtk/examples/miscellaneous/miscellaneous_ex11'
make[2]: Leaving directory '/home/xushu/soft/libmesh-1.7.0/build-dtk/examples/miscellaneous/miscellaneous_ex11'
Making all in miscellaneous/miscellaneous_ex12
make[2]: Entering directory '/home/xushu/soft/libmesh-1.7.0/build-dtk/examples/miscellaneous/miscellaneous_ex12'
make  all-am
make[3]: Entering directory '/home/xushu/soft/libmesh-1.7.0/build-dtk/examples/miscellaneous/miscellaneous_ex12'
make[3]: Nothing to be done for 'all-am'.
make[3]: Leaving directory '/home/xushu/soft/libmesh-1.7.0/build-dtk/examples/miscellaneous/miscellaneous_ex12'
make[2]: Leaving directory '/home/xushu/soft/libmesh-1.7.0/build-dtk/examples/miscellaneous/miscellaneous_ex12'
Making all in miscellaneous/miscellaneous_ex13
make[2]: Entering directory '/home/xushu/soft/libmesh-1.7.0/build-dtk/examples/miscellaneous/miscellaneous_ex13'
make  all-am
make[3]: Entering directory '/home/xushu/soft/libmesh-1.7.0/build-dtk/examples/miscellaneous/miscellaneous_ex13'
make[3]: Nothing to be done for 'all-am'.
make[3]: Leaving directory '/home/xushu/soft/libmesh-1.7.0/build-dtk/examples/miscellaneous/miscellaneous_ex13'
make[2]: Leaving directory '/home/xushu/soft/libmesh-1.7.0/build-dtk/examples/miscellaneous/miscellaneous_ex13'
Making all in miscellaneous/miscellaneous_ex14
make[2]: Entering directory '/home/xushu/soft/libmesh-1.7.0/build-dtk/examples/miscellaneous/miscellaneous_ex14'
make[2]: Nothing to be done for 'all'.
make[2]: Leaving directory '/home/xushu/soft/libmesh-1.7.0/build-dtk/examples/miscellaneous/miscellaneous_ex14'
Making all in miscellaneous/miscellaneous_ex15
make[2]: Entering directory '/home/xushu/soft/libmesh-1.7.0/build-dtk/examples/miscellaneous/miscellaneous_ex15'
make[2]: Nothing to be done for 'all'.
make[2]: Leaving directory '/home/xushu/soft/libmesh-1.7.0/build-dtk/examples/miscellaneous/miscellaneous_ex15'
Making all in optimization/optimization_ex1
make[2]: Entering directory '/home/xushu/soft/libmesh-1.7.0/build-dtk/examples/optimization/optimization_ex1'
make  all-am
make[3]: Entering directory '/home/xushu/soft/libmesh-1.7.0/build-dtk/examples/optimization/optimization_ex1'
make[3]: Nothing to be done for 'all-am'.
make[3]: Leaving directory '/home/xushu/soft/libmesh-1.7.0/build-dtk/examples/optimization/optimization_ex1'
make[2]: Leaving directory '/home/xushu/soft/libmesh-1.7.0/build-dtk/examples/optimization/optimization_ex1'
Making all in optimization/optimization_ex2
make[2]: Entering directory '/home/xushu/soft/libmesh-1.7.0/build-dtk/examples/optimization/optimization_ex2'
make  all-am
make[3]: Entering directory '/home/xushu/soft/libmesh-1.7.0/build-dtk/examples/optimization/optimization_ex2'
make[3]: Nothing to be done for 'all-am'.
make[3]: Leaving directory '/home/xushu/soft/libmesh-1.7.0/build-dtk/examples/optimization/optimization_ex2'
make[2]: Leaving directory '/home/xushu/soft/libmesh-1.7.0/build-dtk/examples/optimization/optimization_ex2'
Making all in subdomains/subdomains_ex1
make[2]: Entering directory '/home/xushu/soft/libmesh-1.7.0/build-dtk/examples/subdomains/subdomains_ex1'
make  all-am
make[3]: Entering directory '/home/xushu/soft/libmesh-1.7.0/build-dtk/examples/subdomains/subdomains_ex1'
make[3]: Nothing to be done for 'all-am'.
make[3]: Leaving directory '/home/xushu/soft/libmesh-1.7.0/build-dtk/examples/subdomains/subdomains_ex1'
make[2]: Leaving directory '/home/xushu/soft/libmesh-1.7.0/build-dtk/examples/subdomains/subdomains_ex1'
Making all in subdomains/subdomains_ex2
make[2]: Entering directory '/home/xushu/soft/libmesh-1.7.0/build-dtk/examples/subdomains/subdomains_ex2'
make  all-am
make[3]: Entering directory '/home/xushu/soft/libmesh-1.7.0/build-dtk/examples/subdomains/subdomains_ex2'
make[3]: Nothing to be done for 'all-am'.
make[3]: Leaving directory '/home/xushu/soft/libmesh-1.7.0/build-dtk/examples/subdomains/subdomains_ex2'
make[2]: Leaving directory '/home/xushu/soft/libmesh-1.7.0/build-dtk/examples/subdomains/subdomains_ex2'
Making all in subdomains/subdomains_ex3
make[2]: Entering directory '/home/xushu/soft/libmesh-1.7.0/build-dtk/examples/subdomains/subdomains_ex3'
make  all-am
make[3]: Entering directory '/home/xushu/soft/libmesh-1.7.0/build-dtk/examples/subdomains/subdomains_ex3'
make[3]: Nothing to be done for 'all-am'.
make[3]: Leaving directory '/home/xushu/soft/libmesh-1.7.0/build-dtk/examples/subdomains/subdomains_ex3'
make[2]: Leaving directory '/home/xushu/soft/libmesh-1.7.0/build-dtk/examples/subdomains/subdomains_ex3'
Making all in systems_of_equations/systems_of_equations_ex1
make[2]: Entering directory '/home/xushu/soft/libmesh-1.7.0/build-dtk/examples/systems_of_equations/systems_of_equations_ex1'
make[2]: Nothing to be done for 'all'.
make[2]: Leaving directory '/home/xushu/soft/libmesh-1.7.0/build-dtk/examples/systems_of_equations/systems_of_equations_ex1'
Making all in systems_of_equations/systems_of_equations_ex2
make[2]: Entering directory '/home/xushu/soft/libmesh-1.7.0/build-dtk/examples/systems_of_equations/systems_of_equations_ex2'
make[2]: Nothing to be done for 'all'.
make[2]: Leaving directory '/home/xushu/soft/libmesh-1.7.0/build-dtk/examples/systems_of_equations/systems_of_equations_ex2'
Making all in systems_of_equations/systems_of_equations_ex3
make[2]: Entering directory '/home/xushu/soft/libmesh-1.7.0/build-dtk/examples/systems_of_equations/systems_of_equations_ex3'
make[2]: Nothing to be done for 'all'.
make[2]: Leaving directory '/home/xushu/soft/libmesh-1.7.0/build-dtk/examples/systems_of_equations/systems_of_equations_ex3'
Making all in systems_of_equations/systems_of_equations_ex4
make[2]: Entering directory '/home/xushu/soft/libmesh-1.7.0/build-dtk/examples/systems_of_equations/systems_of_equations_ex4'
make[2]: Nothing to be done for 'all'.
make[2]: Leaving directory '/home/xushu/soft/libmesh-1.7.0/build-dtk/examples/systems_of_equations/systems_of_equations_ex4'
Making all in systems_of_equations/systems_of_equations_ex5
make[2]: Entering directory '/home/xushu/soft/libmesh-1.7.0/build-dtk/examples/systems_of_equations/systems_of_equations_ex5'
make[2]: Nothing to be done for 'all'.
make[2]: Leaving directory '/home/xushu/soft/libmesh-1.7.0/build-dtk/examples/systems_of_equations/systems_of_equations_ex5'
Making all in systems_of_equations/systems_of_equations_ex6
make[2]: Entering directory '/home/xushu/soft/libmesh-1.7.0/build-dtk/examples/systems_of_equations/systems_of_equations_ex6'
make[2]: Nothing to be done for 'all'.
make[2]: Leaving directory '/home/xushu/soft/libmesh-1.7.0/build-dtk/examples/systems_of_equations/systems_of_equations_ex6'
Making all in systems_of_equations/systems_of_equations_ex7
make[2]: Entering directory '/home/xushu/soft/libmesh-1.7.0/build-dtk/examples/systems_of_equations/systems_of_equations_ex7'
make  all-am
make[3]: Entering directory '/home/xushu/soft/libmesh-1.7.0/build-dtk/examples/systems_of_equations/systems_of_equations_ex7'
make[3]: Nothing to be done for 'all-am'.
make[3]: Leaving directory '/home/xushu/soft/libmesh-1.7.0/build-dtk/examples/systems_of_equations/systems_of_equations_ex7'
make[2]: Leaving directory '/home/xushu/soft/libmesh-1.7.0/build-dtk/examples/systems_of_equations/systems_of_equations_ex7'
Making all in systems_of_equations/systems_of_equations_ex8
make[2]: Entering directory '/home/xushu/soft/libmesh-1.7.0/build-dtk/examples/systems_of_equations/systems_of_equations_ex8'
make  all-am
make[3]: Entering directory '/home/xushu/soft/libmesh-1.7.0/build-dtk/examples/systems_of_equations/systems_of_equations_ex8'
make[3]: Nothing to be done for 'all-am'.
make[3]: Leaving directory '/home/xushu/soft/libmesh-1.7.0/build-dtk/examples/systems_of_equations/systems_of_equations_ex8'
make[2]: Leaving directory '/home/xushu/soft/libmesh-1.7.0/build-dtk/examples/systems_of_equations/systems_of_equations_ex8'
Making all in systems_of_equations/systems_of_equations_ex9
make[2]: Entering directory '/home/xushu/soft/libmesh-1.7.0/build-dtk/examples/systems_of_equations/systems_of_equations_ex9'
make  all-am
make[3]: Entering directory '/home/xushu/soft/libmesh-1.7.0/build-dtk/examples/systems_of_equations/systems_of_equations_ex9'
make[3]: Nothing to be done for 'all-am'.
make[3]: Leaving directory '/home/xushu/soft/libmesh-1.7.0/build-dtk/examples/systems_of_equations/systems_of_equations_ex9'
make[2]: Leaving directory '/home/xushu/soft/libmesh-1.7.0/build-dtk/examples/systems_of_equations/systems_of_equations_ex9'
Making all in reduced_basis/reduced_basis_ex1
make[2]: Entering directory '/home/xushu/soft/libmesh-1.7.0/build-dtk/examples/reduced_basis/reduced_basis_ex1'
make  all-am
make[3]: Entering directory '/home/xushu/soft/libmesh-1.7.0/build-dtk/examples/reduced_basis/reduced_basis_ex1'
make[3]: Nothing to be done for 'all-am'.
make[3]: Leaving directory '/home/xushu/soft/libmesh-1.7.0/build-dtk/examples/reduced_basis/reduced_basis_ex1'
make[2]: Leaving directory '/home/xushu/soft/libmesh-1.7.0/build-dtk/examples/reduced_basis/reduced_basis_ex1'
Making all in reduced_basis/reduced_basis_ex2
make[2]: Entering directory '/home/xushu/soft/libmesh-1.7.0/build-dtk/examples/reduced_basis/reduced_basis_ex2'
make  all-am
make[3]: Entering directory '/home/xushu/soft/libmesh-1.7.0/build-dtk/examples/reduced_basis/reduced_basis_ex2'
make[3]: Nothing to be done for 'all-am'.
make[3]: Leaving directory '/home/xushu/soft/libmesh-1.7.0/build-dtk/examples/reduced_basis/reduced_basis_ex2'
make[2]: Leaving directory '/home/xushu/soft/libmesh-1.7.0/build-dtk/examples/reduced_basis/reduced_basis_ex2'
Making all in reduced_basis/reduced_basis_ex3
make[2]: Entering directory '/home/xushu/soft/libmesh-1.7.0/build-dtk/examples/reduced_basis/reduced_basis_ex3'
make  all-am
make[3]: Entering directory '/home/xushu/soft/libmesh-1.7.0/build-dtk/examples/reduced_basis/reduced_basis_ex3'
make[3]: Nothing to be done for 'all-am'.
make[3]: Leaving directory '/home/xushu/soft/libmesh-1.7.0/build-dtk/examples/reduced_basis/reduced_basis_ex3'
make[2]: Leaving directory '/home/xushu/soft/libmesh-1.7.0/build-dtk/examples/reduced_basis/reduced_basis_ex3'
Making all in reduced_basis/reduced_basis_ex4
make[2]: Entering directory '/home/xushu/soft/libmesh-1.7.0/build-dtk/examples/reduced_basis/reduced_basis_ex4'
make  all-am
make[3]: Entering directory '/home/xushu/soft/libmesh-1.7.0/build-dtk/examples/reduced_basis/reduced_basis_ex4'
make[3]: Nothing to be done for 'all-am'.
make[3]: Leaving directory '/home/xushu/soft/libmesh-1.7.0/build-dtk/examples/reduced_basis/reduced_basis_ex4'
make[2]: Leaving directory '/home/xushu/soft/libmesh-1.7.0/build-dtk/examples/reduced_basis/reduced_basis_ex4'
Making all in reduced_basis/reduced_basis_ex5
make[2]: Entering directory '/home/xushu/soft/libmesh-1.7.0/build-dtk/examples/reduced_basis/reduced_basis_ex5'
make  all-am
make[3]: Entering directory '/home/xushu/soft/libmesh-1.7.0/build-dtk/examples/reduced_basis/reduced_basis_ex5'
make[3]: Nothing to be done for 'all-am'.
make[3]: Leaving directory '/home/xushu/soft/libmesh-1.7.0/build-dtk/examples/reduced_basis/reduced_basis_ex5'
make[2]: Leaving directory '/home/xushu/soft/libmesh-1.7.0/build-dtk/examples/reduced_basis/reduced_basis_ex5'
Making all in reduced_basis/reduced_basis_ex6
make[2]: Entering directory '/home/xushu/soft/libmesh-1.7.0/build-dtk/examples/reduced_basis/reduced_basis_ex6'
make  all-am
make[3]: Entering directory '/home/xushu/soft/libmesh-1.7.0/build-dtk/examples/reduced_basis/reduced_basis_ex6'
make[3]: Nothing to be done for 'all-am'.
make[3]: Leaving directory '/home/xushu/soft/libmesh-1.7.0/build-dtk/examples/reduced_basis/reduced_basis_ex6'
make[2]: Leaving directory '/home/xushu/soft/libmesh-1.7.0/build-dtk/examples/reduced_basis/reduced_basis_ex6'
Making all in reduced_basis/reduced_basis_ex7
make[2]: Entering directory '/home/xushu/soft/libmesh-1.7.0/build-dtk/examples/reduced_basis/reduced_basis_ex7'
make  all-am
make[3]: Entering directory '/home/xushu/soft/libmesh-1.7.0/build-dtk/examples/reduced_basis/reduced_basis_ex7'
make[3]: Nothing to be done for 'all-am'.
make[3]: Leaving directory '/home/xushu/soft/libmesh-1.7.0/build-dtk/examples/reduced_basis/reduced_basis_ex7'
make[2]: Leaving directory '/home/xushu/soft/libmesh-1.7.0/build-dtk/examples/reduced_basis/reduced_basis_ex7'
Making all in transient/transient_ex1
make[2]: Entering directory '/home/xushu/soft/libmesh-1.7.0/build-dtk/examples/transient/transient_ex1'
make  all-am
make[3]: Entering directory '/home/xushu/soft/libmesh-1.7.0/build-dtk/examples/transient/transient_ex1'
make[3]: Nothing to be done for 'all-am'.
make[3]: Leaving directory '/home/xushu/soft/libmesh-1.7.0/build-dtk/examples/transient/transient_ex1'
make[2]: Leaving directory '/home/xushu/soft/libmesh-1.7.0/build-dtk/examples/transient/transient_ex1'
Making all in transient/transient_ex2
make[2]: Entering directory '/home/xushu/soft/libmesh-1.7.0/build-dtk/examples/transient/transient_ex2'
make  all-am
make[3]: Entering directory '/home/xushu/soft/libmesh-1.7.0/build-dtk/examples/transient/transient_ex2'
make[3]: Nothing to be done for 'all-am'.
make[3]: Leaving directory '/home/xushu/soft/libmesh-1.7.0/build-dtk/examples/transient/transient_ex2'
make[2]: Leaving directory '/home/xushu/soft/libmesh-1.7.0/build-dtk/examples/transient/transient_ex2'
Making all in vector_fe/vector_fe_ex1
make[2]: Entering directory '/home/xushu/soft/libmesh-1.7.0/build-dtk/examples/vector_fe/vector_fe_ex1'
make[2]: Nothing to be done for 'all'.
make[2]: Leaving directory '/home/xushu/soft/libmesh-1.7.0/build-dtk/examples/vector_fe/vector_fe_ex1'
Making all in vector_fe/vector_fe_ex2
make[2]: Entering directory '/home/xushu/soft/libmesh-1.7.0/build-dtk/examples/vector_fe/vector_fe_ex2'
make  all-am
make[3]: Entering directory '/home/xushu/soft/libmesh-1.7.0/build-dtk/examples/vector_fe/vector_fe_ex2'
make[3]: Nothing to be done for 'all-am'.
make[3]: Leaving directory '/home/xushu/soft/libmesh-1.7.0/build-dtk/examples/vector_fe/vector_fe_ex2'
make[2]: Leaving directory '/home/xushu/soft/libmesh-1.7.0/build-dtk/examples/vector_fe/vector_fe_ex2'
Making all in vector_fe/vector_fe_ex3
make[2]: Entering directory '/home/xushu/soft/libmesh-1.7.0/build-dtk/examples/vector_fe/vector_fe_ex3'
make  all-am
make[3]: Entering directory '/home/xushu/soft/libmesh-1.7.0/build-dtk/examples/vector_fe/vector_fe_ex3'
make[3]: Nothing to be done for 'all-am'.
make[3]: Leaving directory '/home/xushu/soft/libmesh-1.7.0/build-dtk/examples/vector_fe/vector_fe_ex3'
make[2]: Leaving directory '/home/xushu/soft/libmesh-1.7.0/build-dtk/examples/vector_fe/vector_fe_ex3'
Making all in vector_fe/vector_fe_ex4
make[2]: Entering directory '/home/xushu/soft/libmesh-1.7.0/build-dtk/examples/vector_fe/vector_fe_ex4'
make  all-am
make[3]: Entering directory '/home/xushu/soft/libmesh-1.7.0/build-dtk/examples/vector_fe/vector_fe_ex4'
make[3]: Nothing to be done for 'all-am'.
make[3]: Leaving directory '/home/xushu/soft/libmesh-1.7.0/build-dtk/examples/vector_fe/vector_fe_ex4'
make[2]: Leaving directory '/home/xushu/soft/libmesh-1.7.0/build-dtk/examples/vector_fe/vector_fe_ex4'
Making all in vector_fe/vector_fe_ex5
make[2]: Entering directory '/home/xushu/soft/libmesh-1.7.0/build-dtk/examples/vector_fe/vector_fe_ex5'
make  all-am
make[3]: Entering directory '/home/xushu/soft/libmesh-1.7.0/build-dtk/examples/vector_fe/vector_fe_ex5'
make[3]: Nothing to be done for 'all-am'.
make[3]: Leaving directory '/home/xushu/soft/libmesh-1.7.0/build-dtk/examples/vector_fe/vector_fe_ex5'
make[2]: Leaving directory '/home/xushu/soft/libmesh-1.7.0/build-dtk/examples/vector_fe/vector_fe_ex5'
make[2]: Entering directory '/home/xushu/soft/libmesh-1.7.0/build-dtk/examples'
make[2]: Nothing to be done for 'all-am'.
make[2]: Leaving directory '/home/xushu/soft/libmesh-1.7.0/build-dtk/examples'
make[1]: Leaving directory '/home/xushu/soft/libmesh-1.7.0/build-dtk/examples'
Making all in doc
make[1]: Entering directory '/home/xushu/soft/libmesh-1.7.0/build-dtk/doc'
Making all in html
make[2]: Entering directory '/home/xushu/soft/libmesh-1.7.0/build-dtk/doc/html'
make  all-am
make[3]: Entering directory '/home/xushu/soft/libmesh-1.7.0/build-dtk/doc/html'
make[3]: Nothing to be done for 'all-am'.
make[3]: Leaving directory '/home/xushu/soft/libmesh-1.7.0/build-dtk/doc/html'
make[2]: Leaving directory '/home/xushu/soft/libmesh-1.7.0/build-dtk/doc/html'
make[2]: Entering directory '/home/xushu/soft/libmesh-1.7.0/build-dtk/doc'
make[2]: Nothing to be done for 'all-am'.
make[2]: Leaving directory '/home/xushu/soft/libmesh-1.7.0/build-dtk/doc'
make[1]: Leaving directory '/home/xushu/soft/libmesh-1.7.0/build-dtk/doc'
make[1]: Entering directory '/home/xushu/soft/libmesh-1.7.0/build-dtk'
  CXXLD    fparser_parse-opt
/usr/bin/ld: ./.libs/libmesh_opt.so: undefined reference to `Epetra_Import::~Epetra_Import()'
/usr/bin/ld: ./.libs/libmesh_opt.so: undefined reference to `DataTransferKit::CommIndexer::l2g(int) const'
/usr/bin/ld: ./.libs/libmesh_opt.so: undefined reference to `typeinfo for DataTransferKit::EntityIterator'
/usr/bin/ld: ./.libs/libmesh_opt.so: undefined reference to `Epetra_MultiVector::Norm2(double*) const'
/usr/bin/ld: ./.libs/libmesh_opt.so: undefined reference to `Epetra_MultiVector::ReciprocalMultiply(double, Epetra_MultiVector const&, Epetra_MultiVector const&, double)'
/usr/bin/ld: ./.libs/libmesh_opt.so: undefined reference to `CellTopologyData const* shards::getCellTopologyData<shards::Pyramid<14u> >()'
/usr/bin/ld: ./.libs/libmesh_opt.so: undefined reference to `Tpetra::DistObject<double, int, int, Kokkos::Compat::KokkosDeviceWrapperNode<Kokkos::Serial, Kokkos::HostSpace> >::doImport(Tpetra::SrcDistObject const&, Tpetra::Import<int, int, Kokkos::Compat::KokkosDeviceWrapperNode<Kokkos::Serial, Kokkos::HostSpace> > const&, Tpetra::CombineMode, bool)'
/usr/bin/ld: ./.libs/libmesh_opt.so: undefined reference to `vtable for DataTransferKit::BasicEntitySet'
/usr/bin/ld: ./.libs/libmesh_opt.so: undefined reference to `Epetra_Object::GetTracebackStream()'
/usr/bin/ld: ./.libs/libmesh_opt.so: undefined reference to `Teuchos::TimeMonitor::summarize(std::ostream&, bool, bool, bool, Teuchos::ECounterSetOp, std::__cxx11::basic_string<char, std::char_traits<char>, std::allocator<char> > const&, bool)'
/usr/bin/ld: ./.libs/libmesh_opt.so: undefined reference to `CellTopologyData const* shards::getCellTopologyData<shards::Pyramid<13u> >()'
/usr/bin/ld: ./.libs/libmesh_opt.so: undefined reference to `Epetra_MultiVector::Dot(Epetra_MultiVector const&, double*) const'
/usr/bin/ld: ./.libs/libmesh_opt.so: undefined reference to `void Teuchos::reduceAll<int, int>(Teuchos::Comm<int> const&, Teuchos::EReductionType, int, int const*, int*)'
/usr/bin/ld: ./.libs/libmesh_opt.so: undefined reference to `Epetra_MultiVector::operator=(Epetra_MultiVector const&)'
/usr/bin/ld: ./.libs/libmesh_opt.so: undefined reference to `virtual thunk to Tpetra::DistObject<double, int, int, Kokkos::Compat::KokkosDeviceWrapperNode<Kokkos::Serial, Kokkos::HostSpace> >::describe(Teuchos::basic_FancyOStream<char, std::char_traits<char> >&, Teuchos::EVerbosityLevel) const'
/usr/bin/ld: ./.libs/libmesh_opt.so: undefined reference to `Epetra_MultiVector::MaxValue(double*) const'
/usr/bin/ld: ./.libs/libmesh_opt.so: undefined reference to `Teuchos::RCP<Tpetra::Map<int, int, Kokkos::Compat::KokkosDeviceWrapperNode<Kokkos::Serial, Kokkos::HostSpace> > const> Tpetra::createNonContigMap<int, int>(Teuchos::ArrayView<int const> const&, Teuchos::RCP<Teuchos::Comm<int> const> const&)'
/usr/bin/ld: ./.libs/libmesh_opt.so: undefined reference to `DataTransferKit::EntityLocalMap::EntityLocalMap()'
/usr/bin/ld: ./.libs/libmesh_opt.so: undefined reference to `Teuchos::ParameterEntry::operator=(Teuchos::ParameterEntry const&)'
/usr/bin/ld: ./.libs/libmesh_opt.so: undefined reference to `Epetra_MultiVector::Norm1(double*) const'
/usr/bin/ld: ./.libs/libmesh_opt.so: undefined reference to `DataTransferKit::BasicGeometryEntity::centroid(Teuchos::ArrayView<double> const&) const'
/usr/bin/ld: ./.libs/libmesh_opt.so: undefined reference to `Epetra_MultiVector::PutScalar(double)'
/usr/bin/ld: ./.libs/libmesh_opt.so: undefined reference to `DataTransferKit::BasicGeometryEntity::checkPointInclusion(double, Teuchos::ArrayView<double const> const&) const'
/usr/bin/ld: ./.libs/libmesh_opt.so: undefined reference to `CellTopologyData const* shards::getCellTopologyData<shards::Tetrahedron<11u> >()'
/usr/bin/ld: ./.libs/libmesh_opt.so: undefined reference to `Epetra_Vector::~Epetra_Vector()'
/usr/bin/ld: ./.libs/libmesh_opt.so: undefined reference to `typeinfo for DataTransferKit::Entity'
/usr/bin/ld: ./.libs/libmesh_opt.so: undefined reference to `Epetra_FECrsMatrix::Epetra_FECrsMatrix(Epetra_DataAccess, Epetra_CrsGraph const&, bool)'
/usr/bin/ld: ./.libs/libmesh_opt.so: undefined reference to `Epetra_Map::Epetra_Map(int, int, int, Epetra_Comm const&)'
/usr/bin/ld: ./.libs/libmesh_opt.so: undefined reference to `Epetra_MultiVector::NormInf(double*) const'
/usr/bin/ld: ./.libs/libmesh_opt.so: undefined reference to `DataTransferKit::Entity::extraData() const'
/usr/bin/ld: ./.libs/libmesh_opt.so: undefined reference to `Teuchos::details::safeCommFree(int*)'
/usr/bin/ld: ./.libs/libmesh_opt.so: undefined reference to `Epetra_MultiVector::Multiply(double, Epetra_MultiVector const&, Epetra_MultiVector const&, double)'
/usr/bin/ld: ./.libs/libmesh_opt.so: undefined reference to `Tpetra::MultiVector<double, int, int, Kokkos::Compat::KokkosDeviceWrapperNode<Kokkos::Serial, Kokkos::HostSpace> >::description[abi:cxx11]() const'
/usr/bin/ld: ./.libs/libmesh_opt.so: undefined reference to `DataTransferKit::CommIndexer::~CommIndexer()'
/usr/bin/ld: ./.libs/libmesh_opt.so: undefined reference to `Epetra_MultiVector::Update(double, Epetra_MultiVector const&, double)'
/usr/bin/ld: ./.libs/libmesh_opt.so: undefined reference to `Teuchos::Describable::description[abi:cxx11]() const'
/usr/bin/ld: ./.libs/libmesh_opt.so: undefined reference to `DataTransferKit::EntityIterator::EntityIterator(DataTransferKit::EntityIterator const&)'
/usr/bin/ld: ./.libs/libmesh_opt.so: undefined reference to `DataTransferKit::EntitySet::localBoundingBox(Teuchos::Tuple<double, 6>&) const'
/usr/bin/ld: ./.libs/libmesh_opt.so: undefined reference to `Teuchos::ParameterList::operator=(Teuchos::ParameterList const&)'
/usr/bin/ld: ./.libs/libmesh_opt.so: undefined reference to `Epetra_Object::GetTracebackMode()'
/usr/bin/ld: ./.libs/libmesh_opt.so: undefined reference to `Epetra_Map::~Epetra_Map()'
/usr/bin/ld: ./.libs/libmesh_opt.so: undefined reference to `typeinfo for Teuchos::Describable'
/usr/bin/ld: ./.libs/libmesh_opt.so: undefined reference to `Teuchos::CommandLineProcessor::setTimeMonitorSurrogate(Teuchos::RCP<Teuchos::CommandLineProcessor::TimeMonitorSurrogate> const&)'
/usr/bin/ld: ./.libs/libmesh_opt.so: undefined reference to `DataTransferKit::IntrepidCellLocalMap::measure(shards::CellTopology const&, Intrepid::FieldContainer<double, 0> const&)'
/usr/bin/ld: ./.libs/libmesh_opt.so: undefined reference to `Teuchos::LabeledObject::setObjectLabel(std::__cxx11::basic_string<char, std::char_traits<char>, std::allocator<char> > const&)'
/usr/bin/ld: ./.libs/libmesh_opt.so: undefined reference to `DataTransferKit::Entity::~Entity()'
/usr/bin/ld: ./.libs/libmesh_opt.so: undefined reference to `shards::CellTopology::~CellTopology()'
/usr/bin/ld: ./.libs/libmesh_opt.so: undefined reference to `Epetra_LocalMap::~Epetra_LocalMap()'
/usr/bin/ld: ./.libs/libmesh_opt.so: undefined reference to `Tpetra::Details::Transfer<int, int, Kokkos::Compat::KokkosDeviceWrapperNode<Kokkos::Serial, Kokkos::HostSpace> >::describe(Teuchos::basic_FancyOStream<char, std::char_traits<char> >&, Teuchos::EVerbosityLevel) const'
/usr/bin/ld: ./.libs/libmesh_opt.so: undefined reference to `DataTransferKit::EntitySet::describe(Teuchos::basic_FancyOStream<char, std::char_traits<char> >&, Teuchos::EVerbosityLevel) const'
/usr/bin/ld: ./.libs/libmesh_opt.so: undefined reference to `DataTransferKit::BasicEntitySet::addEntity(DataTransferKit::Entity const&)'
/usr/bin/ld: ./.libs/libmesh_opt.so: undefined reference to `DataTransferKit::Entity::operator=(DataTransferKit::Entity&&)'
/usr/bin/ld: ./.libs/libmesh_opt.so: undefined reference to `Tpetra::DistObject<double, int, int, Kokkos::Compat::KokkosDeviceWrapperNode<Kokkos::Serial, Kokkos::HostSpace> >::reallocArraysForNumPacketsPerLid(unsigned long, unsigned long)'
/usr/bin/ld: ./.libs/libmesh_opt.so: undefined reference to `Epetra_MultiVector::ReplaceGlobalValue(int, int, int, double)'
/usr/bin/ld: ./.libs/libmesh_opt.so: undefined reference to `DataTransferKit::Entity::describe(Teuchos::basic_FancyOStream<char, std::char_traits<char> >&, Teuchos::EVerbosityLevel) const'
/usr/bin/ld: ./.libs/libmesh_opt.so: undefined reference to `DataTransferKit::EntityIterator::operator!=(DataTransferKit::EntityIterator const&) const'
/usr/bin/ld: ./.libs/libmesh_opt.so: undefined reference to `virtual thunk to Tpetra::MultiVector<double, int, int, Kokkos::Compat::KokkosDeviceWrapperNode<Kokkos::Serial, Kokkos::HostSpace> >::describe(Teuchos::basic_FancyOStream<char, std::char_traits<char> >&, Teuchos::EVerbosityLevel) const'
/usr/bin/ld: ./.libs/libmesh_opt.so: undefined reference to `DataTransferKit::BasicGeometryEntity::~BasicGeometryEntity()'
/usr/bin/ld: ./.libs/libmesh_opt.so: undefined reference to `Tpetra::DistObject<double, int, int, Kokkos::Compat::KokkosDeviceWrapperNode<Kokkos::Serial, Kokkos::HostSpace> >::constantNumberOfPackets() const'
/usr/bin/ld: ./.libs/libmesh_opt.so: undefined reference to `DataTransferKit::CommIndexer::CommIndexer()'
/usr/bin/ld: ./.libs/libmesh_opt.so: undefined reference to `Epetra_MpiComm::~Epetra_MpiComm()'
/usr/bin/ld: ./.libs/libmesh_opt.so: undefined reference to `Epetra_Vector::Epetra_Vector(Epetra_BlockMap const&, bool)'
/usr/bin/ld: ./.libs/libmesh_opt.so: undefined reference to `DataTransferKit::EntityIterator::~EntityIterator()'
/usr/bin/ld: ./.libs/libmesh_opt.so: undefined reference to `CellTopologyData const* shards::getCellTopologyData<shards::Hexahedron<8u> >()'
/usr/bin/ld: ./.libs/libmesh_opt.so: undefined reference to `Epetra_CrsMatrix::Multiply(bool, Epetra_Vector const&, Epetra_Vector&) const'
/usr/bin/ld: ./.libs/libmesh_opt.so: undefined reference to `CellTopologyData const* shards::getCellTopologyData<shards::Tetrahedron<10u> >()'
/usr/bin/ld: ./.libs/libmesh_opt.so: undefined reference to `CellTopologyData const* shards::getCellTopologyData<shards::Pyramid<5u> >()'
/usr/bin/ld: ./.libs/libmesh_opt.so: undefined reference to `shards::CellTopology::CellTopology()'
/usr/bin/ld: ./.libs/libmesh_opt.so: undefined reference to `Tpetra::DistObject<double, int, int, Kokkos::Compat::KokkosDeviceWrapperNode<Kokkos::Serial, Kokkos::HostSpace> >::packAndPrepare(Tpetra::SrcDistObject const&, Kokkos::DualView<int const*, Kokkos::Device<Kokkos::Serial, Kokkos::HostSpace>, void, void> const&, Kokkos::DualView<double*, Kokkos::Device<Kokkos::Serial, Kokkos::HostSpace>, void, void>&, Kokkos::DualView<unsigned long*, Kokkos::Device<Kokkos::Serial, Kokkos::HostSpace>, void, void>, unsigned long&)'
/usr/bin/ld: ./.libs/libmesh_opt.so: undefined reference to `Teuchos::TestForException_incrThrowNumber()'
/usr/bin/ld: ./.libs/libmesh_opt.so: undefined reference to `DataTransferKit::Entity::~Entity()'
/usr/bin/ld: ./.libs/libmesh_opt.so: undefined reference to `CellTopologyData const* shards::getCellTopologyData<shards::Triangle<6u> >()'
/usr/bin/ld: ./.libs/libmesh_opt.so: undefined reference to `Epetra_CrsMatrix::Scale(double)'
/usr/bin/ld: ./.libs/libmesh_opt.so: undefined reference to `Teuchos::RCPNode::impl_pre_delete_extra_data()'
/usr/bin/ld: ./.libs/libmesh_opt.so: undefined reference to `shards::CellTopology::CellTopology(shards::CellTopology const&)'
/usr/bin/ld: ./.libs/libmesh_opt.so: undefined reference to `DataTransferKit::BasicGeometryEntity::mapToPhysicalFrame(Teuchos::ArrayView<double const> const&, Teuchos::ArrayView<double> const&) const'
/usr/bin/ld: ./.libs/libmesh_opt.so: undefined reference to `Teuchos::CommandLineProcessor::getTimeMonitorSurrogate()'
/usr/bin/ld: ./.libs/libmesh_opt.so: undefined reference to `virtual thunk to Tpetra::DistObject<double, int, int, Kokkos::Compat::KokkosDeviceWrapperNode<Kokkos::Serial, Kokkos::HostSpace> >::description[abi:cxx11]() const'
/usr/bin/ld: ./.libs/libmesh_opt.so: undefined reference to `DataTransferKit::ParallelSearch::search(DataTransferKit::EntityIterator const&, Teuchos::RCP<DataTransferKit::EntityLocalMap> const&, Teuchos::ParameterList const&)'
/usr/bin/ld: ./.libs/libmesh_opt.so: undefined reference to `typeinfo for DataTransferKit::EntityLocalMap'
/usr/bin/ld: ./.libs/libmesh_opt.so: undefined reference to `Epetra_Export::Epetra_Export(Epetra_BlockMap const&, Epetra_BlockMap const&)'
/usr/bin/ld: ./.libs/libmesh_opt.so: undefined reference to `Epetra_MultiVector::ReplaceMap(Epetra_BlockMap const&)'
/usr/bin/ld: ./.libs/libmesh_opt.so: undefined reference to `DataTransferKit::Entity::Entity()'
/usr/bin/ld: ./.libs/libmesh_opt.so: undefined reference to `Teuchos::ParameterList::~ParameterList()'
/usr/bin/ld: ./.libs/libmesh_opt.so: undefined reference to `DataTransferKit::Entity::Entity(DataTransferKit::Entity&&)'
/usr/bin/ld: ./.libs/libmesh_opt.so: undefined reference to `Tpetra::DistObject<double, int, int, Kokkos::Compat::KokkosDeviceWrapperNode<Kokkos::Serial, Kokkos::HostSpace> >::unpackAndCombine(Kokkos::DualView<int const*, Kokkos::Device<Kokkos::Serial, Kokkos::HostSpace>, void, void> const&, Kokkos::DualView<double*, Kokkos::Device<Kokkos::Serial, Kokkos::HostSpace>, void, void>, Kokkos::DualView<unsigned long*, Kokkos::Device<Kokkos::Serial, Kokkos::HostSpace>, void, void>, unsigned long, Tpetra::CombineMode)'
/usr/bin/ld: ./.libs/libmesh_opt.so: undefined reference to `DataTransferKit::ParallelSearch::ParallelSearch(Teuchos::RCP<Teuchos::Comm<int> const> const&, int, DataTransferKit::EntityIterator const&, Teuchos::RCP<DataTransferKit::EntityLocalMap> const&, Teuchos::ParameterList const&)'
/usr/bin/ld: ./.libs/libmesh_opt.so: undefined reference to `EpetraExt::MatrixMatrix::Add(Epetra_CrsMatrix const&, bool, double, Epetra_CrsMatrix&, double)'
/usr/bin/ld: ./.libs/libmesh_opt.so: undefined reference to `Teuchos::RCPNodeTracer::getCommonDebugNotesString[abi:cxx11]()'
/usr/bin/ld: ./.libs/libmesh_opt.so: undefined reference to `DataTransferKit::Entity::description[abi:cxx11]() const'
/usr/bin/ld: ./.libs/libmesh_opt.so: undefined reference to `Tpetra::Import<int, int, Kokkos::Compat::KokkosDeviceWrapperNode<Kokkos::Serial, Kokkos::HostSpace> >::print(std::ostream&) const'
/usr/bin/ld: ./.libs/libmesh_opt.so: undefined reference to `Tpetra::DistObject<double, int, int, Kokkos::Compat::KokkosDeviceWrapperNode<Kokkos::Serial, Kokkos::HostSpace> >::description[abi:cxx11]() const'
/usr/bin/ld: ./.libs/libmesh_opt.so: undefined reference to `Teuchos::ActiveRCPNodesSetup::ActiveRCPNodesSetup()'
/usr/bin/ld: ./.libs/libmesh_opt.so: undefined reference to `Teuchos::Details::setMpiReductionOp(Teuchos::Details::MpiReductionOpBase const&)'
/usr/bin/ld: ./.libs/libmesh_opt.so: undefined reference to `DataTransferKit::EntityIterator::end() const'
/usr/bin/ld: ./.libs/libmesh_opt.so: undefined reference to `DataTransferKit::EntityLocalMap::~EntityLocalMap()'
/usr/bin/ld: ./.libs/libmesh_opt.so: undefined reference to `Epetra_FECrsMatrix::Epetra_FECrsMatrix(Epetra_DataAccess, Epetra_Map const&, int, bool)'
/usr/bin/ld: ./.libs/libmesh_opt.so: undefined reference to `Tpetra::MultiVector<double, int, int, Kokkos::Compat::KokkosDeviceWrapperNode<Kokkos::Serial, Kokkos::HostSpace> >::get1dView() const'
/usr/bin/ld: ./.libs/libmesh_opt.so: undefined reference to `CellTopologyData const* shards::getCellTopologyData<shards::Triangle<4u> >()'
/usr/bin/ld: ./.libs/libmesh_opt.so: undefined reference to `Teuchos::LabeledObject::LabeledObject()'
/usr/bin/ld: ./.libs/libmesh_opt.so: undefined reference to `virtual thunk to Tpetra::MultiVector<double, int, int, Kokkos::Compat::KokkosDeviceWrapperNode<Kokkos::Serial, Kokkos::HostSpace> >::description[abi:cxx11]() const'
/usr/bin/ld: ./.libs/libmesh_opt.so: undefined reference to `Epetra_MultiVector::ExtractView(double**, int*) const'
/usr/bin/ld: ./.libs/libmesh_opt.so: undefined reference to `Tpetra::MultiVector<double, int, int, Kokkos::Compat::KokkosDeviceWrapperNode<Kokkos::Serial, Kokkos::HostSpace> >::checkSizes(Tpetra::SrcDistObject const&)'
/usr/bin/ld: ./.libs/libmesh_opt.so: undefined reference to `CellTopologyData const* shards::getCellTopologyData<shards::Hexahedron<27u> >()'
/usr/bin/ld: ./.libs/libmesh_opt.so: undefined reference to `Tpetra::MultiVector<double, int, int, Kokkos::Compat::KokkosDeviceWrapperNode<Kokkos::Serial, Kokkos::HostSpace> >::removeEmptyProcessesInPlace(Teuchos::RCP<Tpetra::Map<int, int, Kokkos::Compat::KokkosDeviceWrapperNode<Kokkos::Serial, Kokkos::HostSpace> > const> const&)'
/usr/bin/ld: ./.libs/libmesh_opt.so: undefined reference to `Teuchos::LabeledObject::~LabeledObject()'
/usr/bin/ld: ./.libs/libmesh_opt.so: undefined reference to `Tpetra::DistObject<double, int, int, Kokkos::Compat::KokkosDeviceWrapperNode<Kokkos::Serial, Kokkos::HostSpace> >::copyAndPermute(Tpetra::SrcDistObject const&, unsigned long, Kokkos::DualView<int const*, Kokkos::Device<Kokkos::Serial, Kokkos::HostSpace>, void, void> const&, Kokkos::DualView<int const*, Kokkos::Device<Kokkos::Serial, Kokkos::HostSpace>, void, void> const&, Tpetra::CombineMode)'
/usr/bin/ld: ./.libs/libmesh_opt.so: undefined reference to `Epetra_MultiVector::Scale(double)'
/usr/bin/ld: ./.libs/libmesh_opt.so: undefined reference to `Teuchos::ActiveRCPNodesSetup::~ActiveRCPNodesSetup()'
/usr/bin/ld: ./.libs/libmesh_opt.so: undefined reference to `Teuchos::TestForException_break(std::__cxx11::basic_string<char, std::char_traits<char>, std::allocator<char> > const&)'
/usr/bin/ld: ./.libs/libmesh_opt.so: undefined reference to `Tpetra::Import<int, int, Kokkos::Compat::KokkosDeviceWrapperNode<Kokkos::Serial, Kokkos::HostSpace> >::Import(Teuchos::RCP<Tpetra::Map<int, int, Kokkos::Compat::KokkosDeviceWrapperNode<Kokkos::Serial, Kokkos::HostSpace> > const> const&, Teuchos::RCP<Tpetra::Map<int, int, Kokkos::Compat::KokkosDeviceWrapperNode<Kokkos::Serial, Kokkos::HostSpace> > const> const&)'
/usr/bin/ld: ./.libs/libmesh_opt.so: undefined reference to `Epetra_MultiVector::MinValue(double*) const'
/usr/bin/ld: ./.libs/libmesh_opt.so: undefined reference to `Epetra_CrsMatrix::ExtractMyRowView(int, int&, double*&, int*&) const'
/usr/bin/ld: ./.libs/libmesh_opt.so: undefined reference to `Epetra_LocalMap::Epetra_LocalMap(int, int, Epetra_Comm const&)'
/usr/bin/ld: ./.libs/libmesh_opt.so: undefined reference to `CellTopologyData const* shards::getCellTopologyData<shards::Quadrilateral<8u> >()'
/usr/bin/ld: ./.libs/libmesh_opt.so: undefined reference to `Tpetra::MultiVector<double, int, int, Kokkos::Compat::KokkosDeviceWrapperNode<Kokkos::Serial, Kokkos::HostSpace> >::constantNumberOfPackets() const'
/usr/bin/ld: ./.libs/libmesh_opt.so: undefined reference to `Teuchos::TestForException_getThrowNumber()'
/usr/bin/ld: ./.libs/libmesh_opt.so: undefined reference to `Teuchos::mpiErrorCodeToString[abi:cxx11](int)'
/usr/bin/ld: ./.libs/libmesh_opt.so: undefined reference to `DataTransferKit::EntityIterator::operator->()'
/usr/bin/ld: ./.libs/libmesh_opt.so: undefined reference to `CellTopologyData const* shards::getCellTopologyData<shards::Line<2u> >()'
/usr/bin/ld: ./.libs/libmesh_opt.so: undefined reference to `Epetra_BlockMap::Epetra_BlockMap(int, int, int const*, int const*, int, Epetra_Comm const&)'
/usr/bin/ld: ./.libs/libmesh_opt.so: undefined reference to `Tpetra::DistObject<double, int, int, Kokkos::Compat::KokkosDeviceWrapperNode<Kokkos::Serial, Kokkos::HostSpace> >::describe(Teuchos::basic_FancyOStream<char, std::char_traits<char> >&, Teuchos::EVerbosityLevel) const'
/usr/bin/ld: ./.libs/libmesh_opt.so: undefined reference to `Tpetra::MultiVector<double, int, int, Kokkos::Compat::KokkosDeviceWrapperNode<Kokkos::Serial, Kokkos::HostSpace> >::describe(Teuchos::basic_FancyOStream<char, std::char_traits<char> >&, Teuchos::EVerbosityLevel) const'
/usr/bin/ld: ./.libs/libmesh_opt.so: undefined reference to `Teuchos::RCPNodeHandle::unbindOneStrong()'
/usr/bin/ld: ./.libs/libmesh_opt.so: undefined reference to `Epetra_Util::Create_Root_Map(Epetra_Map const&, int)'
/usr/bin/ld: ./.libs/libmesh_opt.so: undefined reference to `Tpetra::MultiVector<double, int, int, Kokkos::Compat::KokkosDeviceWrapperNode<Kokkos::Serial, Kokkos::HostSpace> >::copyAndPermute(Tpetra::SrcDistObject const&, unsigned long, Kokkos::DualView<int const*, Kokkos::Device<Kokkos::Serial, Kokkos::HostSpace>, void, void> const&, Kokkos::DualView<int const*, Kokkos::Device<Kokkos::Serial, Kokkos::HostSpace>, void, void> const&, Tpetra::CombineMode)'
/usr/bin/ld: ./.libs/libmesh_opt.so: undefined reference to `CellTopologyData const* shards::getCellTopologyData<shards::Line<3u> >()'
/usr/bin/ld: ./.libs/libmesh_opt.so: undefined reference to `Teuchos::LabeledObject::getObjectLabel[abi:cxx11]() const'
/usr/bin/ld: ./.libs/libmesh_opt.so: undefined reference to `Epetra_CrsGraph::Epetra_CrsGraph(Epetra_DataAccess, Epetra_BlockMap const&, int const*, bool)'
/usr/bin/ld: ./.libs/libmesh_opt.so: undefined reference to `DataTransferKit::Point::Point(unsigned long, int, Teuchos::Array<double> const&, Teuchos::Array<int> const&, Teuchos::Array<int> const&)'
/usr/bin/ld: ./.libs/libmesh_opt.so: undefined reference to `Epetra_CrsGraph::InsertGlobalIndices(int, int, int*)'
/usr/bin/ld: ./.libs/libmesh_opt.so: undefined reference to `Epetra_BlockMap::MyGlobalElements() const'
/usr/bin/ld: ./.libs/libmesh_opt.so: undefined reference to `DataTransferKit::EntityIterator::operator++()'
/usr/bin/ld: ./.libs/libmesh_opt.so: undefined reference to `VTT for DataTransferKit::BasicEntitySet'
/usr/bin/ld: ./.libs/libmesh_opt.so: undefined reference to `Epetra_FECrsMatrix::SumIntoGlobalValues(int, int const*, int, int const*, double const*, int)'
/usr/bin/ld: ./.libs/libmesh_opt.so: undefined reference to `DataTransferKit::EntityLocalMap::isSafeToMapToReferenceFrame(DataTransferKit::Entity const&, Teuchos::ArrayView<double const> const&) const'
/usr/bin/ld: ./.libs/libmesh_opt.so: undefined reference to `CellTopologyData const* shards::getCellTopologyData<shards::Triangle<3u> >()'
/usr/bin/ld: ./.libs/libmesh_opt.so: undefined reference to `Teuchos::RCPNodeHandle::unbindOneTotal()'
/usr/bin/ld: ./.libs/libmesh_opt.so: undefined reference to `Epetra_BlockMap::~Epetra_BlockMap()'
/usr/bin/ld: ./.libs/libmesh_opt.so: undefined reference to `DataTransferKit::EntitySet::description[abi:cxx11]() const'
/usr/bin/ld: ./.libs/libmesh_opt.so: undefined reference to `Epetra_Import::Epetra_Import(Epetra_BlockMap const&, Epetra_BlockMap const&)'
/usr/bin/ld: ./.libs/libmesh_opt.so: undefined reference to `CellTopologyData const* shards::getCellTopologyData<shards::Wedge<15u> >()'
/usr/bin/ld: ./.libs/libmesh_opt.so: undefined reference to `Teuchos::ParameterEntry::ParameterEntry(Teuchos::ParameterEntry const&)'
/usr/bin/ld: ./.libs/libmesh_opt.so: undefined reference to `DataTransferKit::Entity::Entity()'
/usr/bin/ld: ./.libs/libmesh_opt.so: undefined reference to `Tpetra::MultiVector<double, int, int, Kokkos::Compat::KokkosDeviceWrapperNode<Kokkos::Serial, Kokkos::HostSpace> >::reallocImportsIfNeeded(unsigned long, bool, std::__cxx11::basic_string<char, std::char_traits<char>, std::allocator<char> > const*, bool, Tpetra::CombineMode)'
/usr/bin/ld: ./.libs/libmesh_opt.so: undefined reference to `Teuchos::ParameterList::isParameter(std::__cxx11::basic_string<char, std::char_traits<char>, std::allocator<char> > const&) const'
/usr/bin/ld: ./.libs/libmesh_opt.so: undefined reference to `DataTransferKit::IntrepidCellLocalMap::mapToPhysicalFrame(shards::CellTopology const&, Intrepid::FieldContainer<double, 0> const&, Teuchos::ArrayView<double const> const&, Teuchos::ArrayView<double> const&)'
/usr/bin/ld: ./.libs/libmesh_opt.so: undefined reference to `DataTransferKit::BasicGeometryEntity::measure() const'
/usr/bin/ld: ./.libs/libmesh_opt.so: undefined reference to `Epetra_MultiVector::~Epetra_MultiVector()'
/usr/bin/ld: ./.libs/libmesh_opt.so: undefined reference to `Teuchos::Describable::~Describable()'
/usr/bin/ld: ./.libs/libmesh_opt.so: undefined reference to `Epetra_MpiComm::Epetra_MpiComm(int)'
/usr/bin/ld: ./.libs/libmesh_opt.so: undefined reference to `Tpetra::MultiVector<double, int, int, Kokkos::Compat::KokkosDeviceWrapperNode<Kokkos::Serial, Kokkos::HostSpace> >::MultiVector(Teuchos::RCP<Tpetra::Map<int, int, Kokkos::Compat::KokkosDeviceWrapperNode<Kokkos::Serial, Kokkos::HostSpace> > const> const&, unsigned long, bool)'
/usr/bin/ld: ./.libs/libmesh_opt.so: undefined reference to `shards::CellTopology::operator=(shards::CellTopology const&)'
/usr/bin/ld: ./.libs/libmesh_opt.so: undefined reference to `CellTopologyData const* shards::getCellTopologyData<shards::Hexahedron<20u> >()'
/usr/bin/ld: ./.libs/libmesh_opt.so: undefined reference to `DataTransferKit::EntityIterator::~EntityIterator()'
/usr/bin/ld: ./.libs/libmesh_opt.so: undefined reference to `DataTransferKit::EntitySet::~EntitySet()'
/usr/bin/ld: ./.libs/libmesh_opt.so: undefined reference to `DataTransferKit::EntitySet::EntitySet()'
/usr/bin/ld: ./.libs/libmesh_opt.so: undefined reference to `Epetra_FECrsMatrix::GlobalAssemble(bool, Epetra_CombineMode, bool)'
/usr/bin/ld: ./.libs/libmesh_opt.so: undefined reference to `CellTopologyData const* shards::getCellTopologyData<shards::Tetrahedron<4u> >()'
/usr/bin/ld: ./.libs/libmesh_opt.so: undefined reference to `Epetra_Export::~Epetra_Export()'
/usr/bin/ld: ./.libs/libmesh_opt.so: undefined reference to `typeinfo for DataTransferKit::EntitySet'
/usr/bin/ld: ./.libs/libmesh_opt.so: undefined reference to `Epetra_DistObject::Export(Epetra_SrcDistObject const&, Epetra_Export const&, Epetra_CombineMode, Epetra_OffsetIndex const*)'
/usr/bin/ld: ./.libs/libmesh_opt.so: undefined reference to `Teuchos::Describable::describe(Teuchos::basic_FancyOStream<char, std::char_traits<char> >&, Teuchos::EVerbosityLevel) const'
/usr/bin/ld: ./.libs/libmesh_opt.so: undefined reference to `DataTransferKit::Entity::id() const'
/usr/bin/ld: ./.libs/libmesh_opt.so: undefined reference to `CellTopologyData const* shards::getCellTopologyData<shards::Quadrilateral<9u> >()'
/usr/bin/ld: ./.libs/libmesh_opt.so: undefined reference to `DataTransferKit::BasicEntitySet::entityIterator(int, std::function<bool (DataTransferKit::Entity)> const&) const'
/usr/bin/ld: ./.libs/libmesh_opt.so: undefined reference to `DataTransferKit::EntityIterator::operator++(int)'
/usr/bin/ld: ./.libs/libmesh_opt.so: undefined reference to `Tpetra::Import<int, int, Kokkos::Compat::KokkosDeviceWrapperNode<Kokkos::Serial, Kokkos::HostSpace> >::describe(Teuchos::basic_FancyOStream<char, std::char_traits<char> >&, Teuchos::EVerbosityLevel) const'
/usr/bin/ld: ./.libs/libmesh_opt.so: undefined reference to `CellTopologyData const* shards::getCellTopologyData<shards::Wedge<6u> >()'
/usr/bin/ld: ./.libs/libmesh_opt.so: undefined reference to `Teuchos::ParameterList::validateEntryExists(std::__cxx11::basic_string<char, std::char_traits<char>, std::allocator<char> > const&, std::__cxx11::basic_string<char, std::char_traits<char>, std::allocator<char> > const&, Teuchos::ParameterEntry const*) const'
/usr/bin/ld: ./.libs/libmesh_opt.so: undefined reference to `Teuchos::demangleName(std::__cxx11::basic_string<char, std::char_traits<char>, std::allocator<char> > const&)'
/usr/bin/ld: ./.libs/libmesh_opt.so: undefined reference to `Tpetra::MultiVector<double, int, int, Kokkos::Compat::KokkosDeviceWrapperNode<Kokkos::Serial, Kokkos::HostSpace> >::get1dViewNonConst()'
/usr/bin/ld: ./.libs/libmesh_opt.so: undefined reference to `Epetra_MultiVector::Abs(Epetra_MultiVector const&)'
/usr/bin/ld: ./.libs/libmesh_opt.so: undefined reference to `DataTransferKit::IntrepidCellLocalMap::centroid(shards::CellTopology const&, Intrepid::FieldContainer<double, 0> const&, Teuchos::ArrayView<double> const&)'
/usr/bin/ld: ./.libs/libmesh_opt.so: undefined reference to `DataTransferKit::IntrepidCellLocalMap::mapToReferenceFrame(shards::CellTopology const&, Intrepid::FieldContainer<double, 0> const&, Teuchos::ArrayView<double const> const&, Teuchos::ArrayView<double> const&)'
/usr/bin/ld: ./.libs/libmesh_opt.so: undefined reference to `DataTransferKit::CommIndexer::CommIndexer(Teuchos::RCP<Teuchos::Comm<int> const>, Teuchos::RCP<Teuchos::Comm<int> const>)'
/usr/bin/ld: ./.libs/libmesh_opt.so: undefined reference to `Epetra_DistObject::Import(Epetra_SrcDistObject const&, Epetra_Import const&, Epetra_CombineMode, Epetra_OffsetIndex const*)'
/usr/bin/ld: ./.libs/libmesh_opt.so: undefined reference to `typeinfo for DataTransferKit::BasicGeometryEntity'
/usr/bin/ld: ./.libs/libmesh_opt.so: undefined reference to `CellTopologyData const* shards::getCellTopologyData<shards::Wedge<18u> >()'
/usr/bin/ld: ./.libs/libmesh_opt.so: undefined reference to `Epetra_BlockMap::LID(int) const'
/usr/bin/ld: ./.libs/libmesh_opt.so: undefined reference to `CellTopologyData const* shards::getCellTopologyData<shards::Quadrilateral<4u> >()'
/usr/bin/ld: ./.libs/libmesh_opt.so: undefined reference to `Tpetra::MultiVector<double, int, int, Kokkos::Compat::KokkosDeviceWrapperNode<Kokkos::Serial, Kokkos::HostSpace> >::unpackAndCombine(Kokkos::DualView<int const*, Kokkos::Device<Kokkos::Serial, Kokkos::HostSpace>, void, void> const&, Kokkos::DualView<double*, Kokkos::Device<Kokkos::Serial, Kokkos::HostSpace>, void, void>, Kokkos::DualView<unsigned long*, Kokkos::Device<Kokkos::Serial, Kokkos::HostSpace>, void, void>, unsigned long, Tpetra::CombineMode)'
/usr/bin/ld: ./.libs/libmesh_opt.so: undefined reference to `Epetra_MultiVector::Epetra_MultiVector(Epetra_BlockMap const&, int, bool)'
/usr/bin/ld: ./.libs/libmesh_opt.so: undefined reference to `DataTransferKit::BasicEntitySet::BasicEntitySet(Teuchos::RCP<Teuchos::Comm<int> const>, int)'
/usr/bin/ld: ./.libs/libmesh_opt.so: undefined reference to `Tpetra::DistObject<double, int, int, Kokkos::Compat::KokkosDeviceWrapperNode<Kokkos::Serial, Kokkos::HostSpace> >::reallocImportsIfNeeded(unsigned long, bool, std::__cxx11::basic_string<char, std::char_traits<char>, std::allocator<char> > const*, bool, Tpetra::CombineMode)'
/usr/bin/ld: ./.libs/libmesh_opt.so: undefined reference to `DataTransferKit::ParallelSearch::getRangeEntitiesFromDomain(unsigned long, Teuchos::Array<unsigned long>&) const'
/usr/bin/ld: ./.libs/libmesh_opt.so: undefined reference to `DataTransferKit::IntrepidCellLocalMap::checkPointInclusion(shards::CellTopology const&, Teuchos::ArrayView<double const> const&, double)'
/usr/bin/ld: ./.libs/libmesh_opt.so: undefined reference to `CellTopologyData const* shards::getCellTopologyData<shards::Tetrahedron<8u> >()'
/usr/bin/ld: ./.libs/libmesh_opt.so: undefined reference to `vtable for Teuchos::ParameterList'
/usr/bin/ld: ./.libs/libmesh_opt.so: undefined reference to `Tpetra::DistObject<double, int, int, Kokkos::Compat::KokkosDeviceWrapperNode<Kokkos::Serial, Kokkos::HostSpace> >::doTransfer(Tpetra::SrcDistObject const&, Tpetra::Details::Transfer<int, int, Kokkos::Compat::KokkosDeviceWrapperNode<Kokkos::Serial, Kokkos::HostSpace> > const&, char const*, Tpetra::DistObject<double, int, int, Kokkos::Compat::KokkosDeviceWrapperNode<Kokkos::Serial, Kokkos::HostSpace> >::ReverseOption, Tpetra::CombineMode, bool)'
/usr/bin/ld: ./.libs/libmesh_opt.so: undefined reference to `Tpetra::MultiVector<double, int, int, Kokkos::Compat::KokkosDeviceWrapperNode<Kokkos::Serial, Kokkos::HostSpace> >::packAndPrepare(Tpetra::SrcDistObject const&, Kokkos::DualView<int const*, Kokkos::Device<Kokkos::Serial, Kokkos::HostSpace>, void, void> const&, Kokkos::DualView<double*, Kokkos::Device<Kokkos::Serial, Kokkos::HostSpace>, void, void>&, Kokkos::DualView<unsigned long*, Kokkos::Device<Kokkos::Serial, Kokkos::HostSpace>, void, void>, unsigned long&)'
/usr/bin/ld: ./.libs/libmesh_opt.so: undefined reference to `vtable for DataTransferKit::BasicGeometryLocalMap'
/usr/bin/ld: ./.libs/libmesh_opt.so: undefined reference to `Kokkos::Impl::SharedAllocationRecord<void, void>::decrement(Kokkos::Impl::SharedAllocationRecord<void, void>*)'
/usr/bin/ld: ./.libs/libmesh_opt.so: undefined reference to `Epetra_Util_binary_search(int, int const*, int, int&)'
/usr/bin/ld: ./.libs/libmesh_opt.so: undefined reference to `CellTopologyData const* shards::getCellTopologyData<shards::Node>()'
/usr/bin/ld: ./.libs/libmesh_opt.so: undefined reference to `Epetra_MultiVector::SumIntoGlobalValue(int, int, int, double)'
/usr/bin/ld: ./.libs/libmesh_opt.so: undefined reference to `DataTransferKit::ParallelSearch::rangeParametricCoordinatesInDomain(unsigned long, unsigned long, Teuchos::ArrayView<double const>&) const'
/usr/bin/ld: ./.libs/libmesh_opt.so: undefined reference to `DataTransferKit::BasicGeometryLocalMap::BasicGeometryLocalMap()'
/usr/bin/ld: ./.libs/libmesh_opt.so: undefined reference to `DataTransferKit::EntitySet::globalBoundingBox(Teuchos::Tuple<double, 6>&) const'
/usr/bin/ld: ./.libs/libmesh_opt.so: undefined reference to `DataTransferKit::BasicGeometryEntity::mapToReferenceFrame(Teuchos::ArrayView<double const> const&, Teuchos::ArrayView<double> const&) const'
/usr/bin/ld: ./.libs/libmesh_opt.so: undefined reference to `DataTransferKit::throwDataTransferKitException(std::__cxx11::basic_string<char, std::char_traits<char>, std::allocator<char> > const&, std::__cxx11::basic_string<char, std::char_traits<char>, std::allocator<char> > const&, int)'
/usr/bin/ld: ./.libs/libmesh_opt.so: undefined reference to `DataTransferKit::EntityIterator::EntityIterator()'
/usr/bin/ld: ./.libs/libmesh_opt.so: undefined reference to `DataTransferKit::EntityIterator::begin() const'
/usr/bin/ld: ./.libs/libmesh_opt.so: undefined reference to `DataTransferKit::ParallelSearch::getMissedRangeEntityIds() const'
/usr/bin/ld: ./.libs/libmesh_opt.so: undefined reference to `Epetra_CrsGraph::FillComplete()'
/usr/bin/ld: ./.libs/libmesh_opt.so: undefined reference to `Epetra_BlockMap::GID64(int) const'
/usr/bin/ld: ./.libs/libmesh_opt.so: undefined reference to `Tpetra::DistObject<double, int, int, Kokkos::Compat::KokkosDeviceWrapperNode<Kokkos::Serial, Kokkos::HostSpace> >::removeEmptyProcessesInPlace(Teuchos::RCP<Tpetra::Map<int, int, Kokkos::Compat::KokkosDeviceWrapperNode<Kokkos::Serial, Kokkos::HostSpace> > const> const&)'
collect2: error: ld returned 1 exit status
make[1]: *** [Makefile:13597: fparser_parse-opt] Error 1
make[1]: Leaving directory '/home/xushu/soft/libmesh-1.7.0/build-dtk'
make: *** [Makefile:32290: all-recursive] Error 1
